Archive member included because of file (symbol)

c:/nds/Projects/Tutoriales/Tutorial1MenuInicial/nflib/lib\libnflib.a(nf_2d.o)
                              Engine.o (NF_Set2D)
c:/nds/Projects/Tutoriales/Tutorial1MenuInicial/nflib/lib\libnflib.a(nf_3d.o)
                              Engine.o (NF_Set3D)
c:/nds/Projects/Tutoriales/Tutorial1MenuInicial/nflib/lib\libnflib.a(nf_basic.o)
                              c:/nds/Projects/Tutoriales/Tutorial1MenuInicial/nflib/lib\libnflib.a(nf_2d.o) (NF_Error)
c:/nds/Projects/Tutoriales/Tutorial1MenuInicial/nflib/lib\libnflib.a(nf_sprite256.o)
                              Engine.o (NF_InitSpriteBuffers)
c:/nds/Projects/Tutoriales/Tutorial1MenuInicial/nflib/lib\libnflib.a(nf_sprite3d.o)
                              Engine.o (NF_Init3dSpriteSys)
c:/nds/Projects/Tutoriales/Tutorial1MenuInicial/nflib/lib\libnflib.a(nf_text.o)
                              Engine.o (NF_InitTextSys)
c:/nds/Projects/Tutoriales/Tutorial1MenuInicial/nflib/lib\libnflib.a(nf_tiledbg.o)
                              Engine.o (NF_InitTiledBgBuffers)
c:/nds/devkitPro/libnds/lib\libfilesystem.a(nitrofs.o)
                              c:/nds/Projects/Tutoriales/Tutorial1MenuInicial/nflib/lib\libnflib.a(nf_basic.o) (nitroFSInit)
c:/nds/devkitPro/libnds/lib\libfat.a(libfat.o)
                              c:/nds/Projects/Tutoriales/Tutorial1MenuInicial/nflib/lib\libnflib.a(nf_basic.o) (fatInitDefault)
c:/nds/devkitPro/libnds/lib\libfat.a(partition.o)
                              c:/nds/devkitPro/libnds/lib\libfat.a(libfat.o) (_FAT_partition_constructor)
c:/nds/devkitPro/libnds/lib\libfat.a(cache.o)
                              c:/nds/devkitPro/libnds/lib\libfat.a(partition.o) (_FAT_cache_constructor)
c:/nds/devkitPro/libnds/lib\libfat.a(directory.o)
                              c:/nds/devkitPro/libnds/lib\libfat.a(libfat.o) (_FAT_directory_getVolumeLabel)
c:/nds/devkitPro/libnds/lib\libfat.a(disc.o)
                              c:/nds/devkitPro/libnds/lib\libfat.a(libfat.o) (_FAT_disc_interfaces)
c:/nds/devkitPro/libnds/lib\libfat.a(fatdir.o)
                              c:/nds/devkitPro/libnds/lib\libfat.a(libfat.o) (_FAT_stat_r)
c:/nds/devkitPro/libnds/lib\libfat.a(fatfile.o)
                              c:/nds/devkitPro/libnds/lib\libfat.a(libfat.o) (_FAT_open_r)
c:/nds/devkitPro/libnds/lib\libfat.a(file_allocation_table.o)
                              c:/nds/devkitPro/libnds/lib\libfat.a(directory.o) (_FAT_fat_nextCluster)
c:/nds/devkitPro/libnds/lib\libfat.a(filetime.o)
                              c:/nds/devkitPro/libnds/lib\libfat.a(fatdir.o) (_FAT_filetime_getTimeFromRTC)
c:/nds/devkitPro/libnds/lib\libfat.a(lock.o)
                              c:/nds/devkitPro/libnds/lib\libfat.a(partition.o) (_FAT_lock_init)
c:/nds/devkitPro/libnds/lib\libnds9.a(console.o)
                              c:/nds/Projects/Tutoriales/Tutorial1MenuInicial/nflib/lib\libnflib.a(nf_basic.o) (consoleDemoInit)
c:/nds/devkitPro/libnds/lib\libnds9.a(keys.o)
                              Input.o (scanKeys)
c:/nds/devkitPro/libnds/lib\libnds9.a(sprite.o)
                              c:/nds/Projects/Tutoriales/Tutorial1MenuInicial/nflib/lib\libnflib.a(nf_sprite256.o) (oamInit)
c:/nds/devkitPro/libnds/lib\libnds9.a(sprite_alloc.o)
                              c:/nds/devkitPro/libnds/lib\libnds9.a(sprite.o) (oamAllocReset)
c:/nds/devkitPro/libnds/lib\libnds9.a(trig.o)
                              c:/nds/Projects/Tutoriales/Tutorial1MenuInicial/nflib/lib\libnflib.a(nf_sprite3d.o) (sinLerp)
c:/nds/devkitPro/libnds/lib\libnds9.a(video.o)
                              c:/nds/Projects/Tutoriales/Tutorial1MenuInicial/nflib/lib\libnflib.a(nf_basic.o) (setBrightness)
c:/nds/devkitPro/libnds/lib\libnds9.a(videoGL.o)
                              c:/nds/Projects/Tutoriales/Tutorial1MenuInicial/nflib/lib\libnflib.a(nf_3d.o) (glGlobalData)
c:/nds/devkitPro/libnds/lib\libnds9.a(dldi.o)
                              c:/nds/devkitPro/libnds/lib\libfat.a(disc.o) (dldiGetInternal)
c:/nds/devkitPro/libnds/lib\libnds9.a(dsi_sd.o)
                              c:/nds/devkitPro/libnds/lib\libfat.a(disc.o) (__io_dsisd)
c:/nds/devkitPro/libnds/lib\libnds9.a(initSystem.o)
                              c:/nds/devkitpro/devkitarm/bin/../lib/gcc/arm-none-eabi/4.8.2/../../../../arm-none-eabi/lib/thumb/ds_arm9_crt0.o (initSystem)
c:/nds/devkitPro/libnds/lib\libnds9.a(card.o)
                              c:/nds/devkitPro/libnds/lib\libfilesystem.a(nitrofs.o) (cardParamCommand)
c:/nds/devkitPro/libnds/lib\libnds9.a(fifosystem.o)
                              c:/nds/devkitPro/libnds/lib\libnds9.a(dsi_sd.o) (fifoSendValue32)
c:/nds/devkitPro/libnds/lib\libnds9.a(interrupts.o)
                              c:/nds/devkitPro/libnds/lib\libnds9.a(fifosystem.o) (irqSet)
c:/nds/devkitPro/libnds/lib\libnds9.a(libnds_exit.arm.o)
[...]
Memory Configuration

Name             Origin             Length             Attributes
rom              0x08000000         0x02000000
ewram            0x02000000         0x003ff000
dtcm             0x0b000000         0x00004000
vectors          0x01000000         0x00000100
itcm             0x01000100         0x00007f00
*default*        0x00000000         0xffffffff

Linker script and memory map

                0x01000000                __vectors_start = ORIGIN (vectors)
                0x01000100                __itcm_start = ORIGIN (itcm)
                0x023ff000                __ewram_end = (ORIGIN (ewram) + 0x3ff000)
                0x023ff000                __eheap_end = (ORIGIN (ewram) + 0x3ff000)
                0x0b000000                __dtcm_start = ORIGIN (dtcm)
                0x0b004000                __dtcm_top = (ORIGIN (dtcm) + 0x4000)
                0x0b003ff8                __irq_flags = (__dtcm_top - 0x8)
                0x0b003ffc                __irq_vector = (__dtcm_top - 0x4)
                0x0b003f00                __sp_svc = (__dtcm_top - 0x100)
                0x0b003e00                __sp_irq = (__sp_svc - 0x100)
                0x0b003d00                __sp_usr = (__sp_irq - 0x100)

.init           0x02000000      0x23c
                0x02000000                __text_start = .
 *(.init)
 .init          0x02000000      0x230 c:/nds/devkitpro/devkitarm/bin/../lib/gcc/arm-none-eabi/4.8.2/../../../../arm-none-eabi/lib/thumb/ds_arm9_crt0.o
                0x02000000                _start
 .init          0x02000230        0x4 c:/nds/devkitpro/devkitarm/bin/../lib/gcc/arm-none-eabi/4.8.2/thumb/crti.o
                0x02000230                _init
 .init          0x02000234        0x8 c:/nds/devkitpro/devkitarm/bin/../lib/gcc/arm-none-eabi/4.8.2/thumb/crtn.o
                0x0200023c                . = ALIGN (0x4)

.plt
 *(.plt)

.text           0x02000240    0x2e698
 *(EXCLUDE_FILE(*.itcm*) .text)
 .text          0x02000240        0x0 c:/nds/devkitpro/devkitarm/bin/../lib/gcc/arm-none-eabi/4.8.2/../../../../arm-none-eabi/lib/thumb/ds_arm9_crt0.o
 .text          0x02000240        0x0 c:/nds/devkitpro/devkitarm/bin/../lib/gcc/arm-none-eabi/4.8.2/thumb/crti.o
 .text          0x02000240       0xd0 c:/nds/devkitpro/devkitarm/bin/../lib/gcc/arm-none-eabi/4.8.2/thumb/crtbegin.o
 .text          0x02000310       0x6c Background.o
                0x02000310                CBackground::CBackground(char*, unsigned char, unsigned char)
                0x02000310                CBackground::CBackground(char*, unsigned char, unsigned char)
                0x02000320                CBackground::~CBackground()
                0x02000320                CBackground::~CBackground()
                0x02000324                CBackground::CreateBackground(bool)
                0x02000358                CBackground::MoveBackgroundToPos(Vector2)
 .text          0x0200037c       0x48 Engine.o
                0x0200037c                CEngine::CEngine()
                0x0200037c                CEngine::CEngine()
                0x020003b8                CEngine::~CEngine()
                0x020003b8                CEngine::~CEngine()
                0x020003bc                CEngine::ChangeScene(CEngine::Scenes)
                0x020003c0                CEngine::Update()
 .text          0x020003c4       0xb4 Input.o
                0x020003c4                CInput::CInput()
                0x020003c4                CInput::CInput()
                0x020003cc                CInput::~CInput()
                0x020003cc                CInput::~CInput()
                0x020003d0                CInput::checkDirections()
                0x02000428                CInput::incrementDirectionIndex()
                0x0200043c                CInput::incrementInputsIndex()
                0x02000450                CInput::Update()
 .text          0x02000478       0x10 Menu.o
                0x02000478                CMenu::CMenu()
                0x02000478                CMenu::CMenu()
                0x0200047c                CMenu::~CMenu()
                0x0200047c                CMenu::~CMenu()
                0x02000480                CMenu::ChangeScene(CMenu::Scenes)
                0x02000484                CMenu::Update()
 .text          0x02000488       0x68 Palette.o
                0x02000488                CPalette::CPalette(char*)
                0x02000488                CPalette::CPalette(char*)
                0x020004b8                CPalette::~CPalette()
                0x020004b8                CPalette::~CPalette()
                0x020004bc                CPalette::MovePaletteToVRam(bool)
 .text          0x020004f0      0x128 Sprite.o
                0x020004f0                CSprite::CSprite(char*, unsigned char, unsigned char)
                0x020004f0                CSprite::CSprite(char*, unsigned char, unsigned char)
                0x02000524                CSprite::CSprite(char*, char*, unsigned char, unsigned char)
                0x02000524                CSprite::CSprite(char*, char*, unsigned char, unsigned char)
                0x02000548                CSprite::~CSprite()
                0x02000548                CSprite::~CSprite()
                0x0200054c                CSprite::MoveSpriteToVRam(bool, bool)
                0x02000598                CSprite::CreateSprite(Vector2, bool, bool)
                0x020005f4                CSprite::MoveSpriteToPos(Vector2)
 .text          0x02000618       0xb4 Text.o
                0x02000618                CText::CText(char*, unsigned char, unsigned char)
                0x02000618                CText::CText(char*, unsigned char, unsigned char)
                0x02000634                CText::CText(CText&)
                0x02000634                CText::CText(CText&)
                0x02000650                CText::~CText()
                0x02000650                CText::~CText()
                0x02000654                CText::CreateLayer(bool)
                0x02000690                CText::WriteText(Vector2&, char*, ...)
 .text          0x020006cc        0x0 main.o
 .text          0x020006cc      0x884 c:/nds/Projects/Tutoriales/Tutorial1MenuInicial/nflib/lib\libnflib.a(nf_2d.o)
                0x020006cc                NF_Set2D
                0x02000730                NF_ShowBg
                0x020007ac                NF_HideBg
                0x02000850                NF_ScrollBg
                0x02000bb4                NF_MoveSprite
                0x02000bd4                NF_SpriteLayer
                0x02000bf0                NF_ShowSprite
                0x02000c10                NF_HflipSprite
                0x02000c2c                NF_GetSpriteHflip
                0x02000c48                NF_VflipSprite
                0x02000c64                NF_GetSpriteVflip
                0x02000c80                NF_SpriteFrame
                0x02000d50                NF_EnableSpriteRotScale
                0x02000de4                NF_DisableSpriteRotScale
                0x02000e58                NF_SpriteRotScale
 .text          0x02000f50      0x2c0 c:/nds/Projects/Tutoriales/Tutorial1MenuInicial/nflib/lib\libnflib.a(nf_3d.o)
                0x02000f50                NF_Set3D
                0x02000fa8                NF_InitOpenGL
                0x020011b4                NF_GetTextureSize
 .text          0x02001210      0x4a0 c:/nds/Projects/Tutoriales/Tutorial1MenuInicial/nflib/lib\libnflib.a(nf_basic.o)
                0x02001210                NF_Error
                0x020014bc                NF_SetRootFolder
                0x02001614                NF_DmaMemCopy
                0x020016a0                NF_GetLanguage
 .text          0x020016b0     0x1438 c:/nds/Projects/Tutoriales/Tutorial1MenuInicial/nflib/lib\libnflib.a(nf_sprite256.o)
                0x020016b0                NF_InitSpriteBuffers
                0x020016fc                NF_ResetSpriteBuffers
                0x02001730                NF_InitSpriteSys
                0x0200196c                NF_LoadSpriteGfx
                0x02001a88                NF_UnloadSpriteGfx
                0x02001af8                NF_LoadSpritePal
                0x02001bf8                NF_UnloadSpritePal
                0x02001c48                NF_VramSpriteGfx
                0x02001fa0                NF_VramSpriteGfxDefrag
                0x020021d4                NF_FreeSpriteGfx
                0x020022d4                NF_VramSpritePal
                0x020023a8                NF_CreateSprite
                0x02002754                NF_DeleteSprite
                0x020027f8                NF_SpriteOamSet
                0x020028d8                NF_SpriteSetPalColor
                0x02002970                NF_SpriteEditPalColor
                0x020029ec                NF_SpriteUpdatePalette
                0x02002a7c                NF_SpriteGetPalColor
 .text          0x02002ae8     0x11cc c:/nds/Projects/Tutoriales/Tutorial1MenuInicial/nflib/lib\libnflib.a(nf_sprite3d.o)
                0x02002ae8                NF_Init3dSpriteSys
                0x02002c48                NF_Vram3dSpriteGfx
                0x02002f0c                NF_Vram3dSpriteGfxDefrag
                0x020030d4                NF_Free3dSpriteGfx
                0x02003194                NF_Vram3dSpritePal
                0x02003224                NF_Create3dSprite
                0x02003380                NF_Delete3dSprite
                0x0200347c                NF_Sort3dSprites
                0x02003514                NF_Set3dSpritePriority
                0x020035ec                NF_Swap3dSpritePriority
                0x02003618                NF_Move3dSprite
                0x02003628                NF_Show3dSprite
                0x02003638                NF_Set3dSpriteFrame
                0x020036e8                NF_Draw3dSprites
                0x02003948                NF_Update3dSpritesGfx
                0x020039f8                NF_Rotate3dSprite
                0x02003a40                NF_Scale3dSprite
                0x02003a7c                NF_Blend3dSprite
                0x02003aa4                NF_3dSpritesLayer
                0x02003b54                NF_3dSpriteEditPalColor
                0x02003bc4                NF_3dSpriteUpdatePalette
                0x02003c1c                NF_3dSpriteGetPalColor
                0x02003c80                NF_3dSpriteSetDeep
 .text          0x02003cb4      0x85c c:/nds/Projects/Tutoriales/Tutorial1MenuInicial/nflib/lib\libnflib.a(nf_text.o)
                0x02003cb4                NF_InitTextSys
                0x02003ce8                NF_LoadTextFont
                0x02003f50                NF_UnloadTextFont
                0x02003f58                NF_CreateTextLayer
                0x02003fec                NF_DeleteTextLayer
                0x02004044                NF_WriteText
                0x02004394                NF_UpdateTextLayers
                0x020043e8                NF_ClearTextLayer
                0x02004450                NF_DefineTextColor
                0x020044f4                NF_SetTextColor
 .text          0x02004510     0x1a64 c:/nds/Projects/Tutoriales/Tutorial1MenuInicial/nflib/lib\libnflib.a(nf_tiledbg.o)
                0x02004510                NF_InitTiledBgBuffers
                0x020045c8                NF_ResetTiledBgBuffers
                0x02004618                NF_InitTiledBgSys
                0x0200474c                NF_LoadTiledBg
                0x020049e0                NF_LoadTilesForBg
                0x02004c6c                NF_UnloadTiledBg
                0x02004d28                NF_DeleteTiledBg
                0x02004ed0                NF_CreateTiledBg
                0x0200553c                NF_GetTileMapAddress
                0x020055f8                NF_GetTileOfMap
                0x02005634                NF_SetTileOfMap
                0x02005678                NF_UpdateVramMap
                0x02005798                NF_BgSetPalColor
                0x02005848                NF_BgEditPalColor
                0x020058ec                NF_BgUpdatePalette
                0x020059ac                NF_BgGetPalColor
                0x02005a44                NF_GetTilePal
                0x02005a78                NF_SetTilePal
                0x02005ac0                NF_LoadExBgPal
                0x02005bac                NF_UnloadExBgPal
                0x02005bfc                NF_VramExBgPal
                0x02005cb0                NF_SetExBgPal
                0x02005d70                NF_SetTileHflip
                0x02005dac                NF_SetTileVflip
                0x02005de8                NF_RotateTileGfx
 .text          0x02005f74      0x9f4 c:/nds/devkitPro/libnds/lib\libfilesystem.a(nitrofs.o)
                0x0200685c                nitroFSInit
 .text          0x02006968      0x33c c:/nds/devkitPro/libnds/lib\libfat.a(libfat.o)
                0x02006968                fatMount
                0x02006a24                fatMountSimple
                0x02006a38                fatUnmount
                0x02006a6c                fatInit
                0x02006bb8                fatInitDefault
                0x02006bc4                fatGetVolumeLabel
 .text          0x02006ca4      0x728 c:/nds/devkitPro/libnds/lib\libfat.a(partition.o)
                0x02006ca4                FindFirstValidPartition_buf
                0x02006e2c                FindFirstValidPartition
                0x02006e54                _FAT_partition_getPartitionFromPath
                0x02006e68                _FAT_partition_createFSinfo
                0x02006f24                _FAT_partition_readFSinfo
                0x02006fdc                _FAT_partition_constructor_buf
                0x02007284                _FAT_partition_constructor
                0x020072c4                _FAT_partition_writeFSinfo
                0x02007370                _FAT_partition_destructor
                0x020073b0                _FAT_getCwdClusterPtr
 .text          0x020073cc      0x4ac c:/nds/devkitPro/libnds/lib\libfat.a(cache.o)
                0x020074bc                _FAT_cache_constructor
                0x02007558                _FAT_cache_readSectors
                0x020075bc                _FAT_cache_readPartialSector
                0x020075f8                _FAT_cache_readLittleEndianValue
                0x0200765c                _FAT_cache_writePartialSector
                0x020076a4                _FAT_cache_writeLittleEndianValue
                0x020076f4                _FAT_cache_eraseWritePartialSector
                0x0200774c                _FAT_cache_writeSectors
                0x020077b8                _FAT_cache_flush
                0x02007814                _FAT_cache_destructor
                0x02007848                _FAT_cache_invalidate
 .text          0x02007878     0x1444 c:/nds/devkitPro/libnds/lib\libfat.a(directory.o)
                0x02007b1c                _FAT_directory_entryGetCluster
                0x02007b38                _FAT_directory_getNextEntry
                0x02007dac                _FAT_directory_getFirstEntry
                0x02007dcc                _FAT_directory_getRootEntry
                0x02007e28                _FAT_directory_getVolumeLabel
                0x02007ee8                _FAT_directory_entryFromPosition
                0x02008018                _FAT_directory_entryFromPath
                0x02008254                _FAT_directory_removeEntry
                0x02008324                _FAT_directory_addEntry
                0x02008b94                _FAT_directory_chdir
                0x02008be4                _FAT_directory_entryStat
 .text          0x02008cbc        0x8 c:/nds/devkitPro/libnds/lib\libfat.a(disc.o)
 .text          0x02008cc4      0x950 c:/nds/devkitPro/libnds/lib\libfat.a(fatdir.o)
                0x02008cc4                _FAT_stat_r
                0x02008d60                _FAT_link_r
                0x02008d6c                _FAT_unlink_r
                0x02008ee0                _FAT_chdir_r
                0x02008f50                _FAT_rename_r
                0x0200911c                _FAT_mkdir_r
                0x020093dc                _FAT_statvfs_r
                0x02009464                _FAT_diropen_r
                0x02009524                _FAT_dirreset_r
                0x02009570                _FAT_dirnext_r
                0x020095f4                _FAT_dirclose_r
 .text          0x02009614     0x13a8 c:/nds/devkitPro/libnds/lib\libfat.a(fatfile.o)
                0x0200995c                _FAT_findEntry
                0x02009998                FAT_getAttr
                0x020099c0                FAT_setAttr
                0x02009a60                _FAT_open_r
                0x02009da0                _FAT_syncToDisc
                0x02009dc0                _FAT_close_r
                0x02009e38                _FAT_read_r
                0x0200a164                _FAT_write_r
                0x0200a600                _FAT_seek_r
                0x0200a774                _FAT_fstat_r
                0x0200a80c                _FAT_ftruncate_r
                0x0200a974                _FAT_fsync_r
 .text          0x0200a9bc      0x4c0 c:/nds/devkitPro/libnds/lib\libfat.a(file_allocation_table.o)
                0x0200ab0c                _FAT_fat_nextCluster
                0x0200ac28                _FAT_fat_linkFreeCluster
                0x0200acc0                _FAT_fat_linkFreeClusterCleared
                0x0200ad30                _FAT_fat_clearLinks
                0x0200ad94                _FAT_fat_trimChain
                0x0200ae1c                _FAT_fat_lastCluster
                0x0200ae50                _FAT_fat_freeClusterCount
 .text          0x0200ae7c       0xb8 c:/nds/devkitPro/libnds/lib\libfat.a(filetime.o)
                0x0200ae7c                _FAT_filetime_getTimeFromRTC
                0x0200aebc                _FAT_filetime_getDateFromRTC
                0x0200aefc                _FAT_filetime_to_time_t
 .text          0x0200af34       0x10 c:/nds/devkitPro/libnds/lib\libfat.a(lock.o)
                0x0200af34                _FAT_lock_init
                0x0200af38                _FAT_lock_deinit
                0x0200af3c                _FAT_lock
                0x0200af40                _FAT_unlock
 .text          0x0200af44      0xa28 c:/nds/devkitPro/libnds/lib\libnds9.a(console.o)
                0x0200aff0                nocash_write
                0x0200b000                consoleGetDefault
                0x0200b00c                consoleSelect
                0x0200b01c                consoleDebugInit
                0x0200b070                consolePrintChar
                0x0200b23c                consoleLoadFont
                0x0200b4cc                consoleSetFont
                0x0200b4ec                consoleInit
                0x0200b654                consoleDemoInit
                0x0200b698                con_write
                0x0200b938                consoleClear
                0x0200b948                consoleSetWindow
 .text          0x0200b96c      0x104 c:/nds/devkitPro/libnds/lib\libnds9.a(keys.o)
                0x0200b96c                scanKeys
                0x0200b9e0                keysHeld
                0x0200b9ec                keysDown
                0x0200b9fc                keysDownRepeat
                0x0200ba0c                keysSetRepeat
                0x0200ba24                keysUp
                0x0200ba34                keysCurrent
 .text          0x0200ba70      0x3f0 c:/nds/devkitPro/libnds/lib\libnds9.a(sprite.o)
                0x0200ba70                oamInit
                0x0200bb80                oamDisable
                0x0200bbb0                oamEnable
                0x0200bbd4                oamGetGfxPtr
                0x0200bc08                oamClear
                0x0200bc30                oamGfxPtrToOffset
                0x0200bc64                oamSet
                0x0200bdb4                oamUpdate
                0x0200be14                oamRotateScale
 .text          0x0200be60      0x488 c:/nds/devkitPro/libnds/lib\libnds9.a(sprite_alloc.o)
                0x0200be90                oamAllocReset
                0x0200beac                oamAllocateGfx
                0x0200c0f8                oamFreeGfx
                0x0200c294                oamCountFragments
 .text          0x0200c2e8      0x240 c:/nds/devkitPro/libnds/lib\libnds9.a(trig.o)
                0x0200c2e8                asinComp
                0x0200c310                sinLutLookup
                0x0200c348                sinLerp
                0x0200c380                cosLerp
                0x0200c394                tanLutLookup
                0x0200c3cc                tanLerp
                0x0200c470                asinLerp
                0x0200c4ec                acosLerp
                0x0200c500                atanComp
 .text          0x0200c528      0x1f8 c:/nds/devkitPro/libnds/lib\libnds9.a(video.o)
                0x0200c528                vramSetPrimaryBanks
                0x0200c56c                vramSetMainBanks
                0x0200c5b0                vramSetBanks_EFG
                0x0200c5e8                vramRestorePrimaryBanks
                0x0200c5f4                vramRestoreMainBanks
                0x0200c600                vramRestoreBanks_EFG
                0x0200c60c                setBrightness
                0x0200c64c                vramDefault
 .text          0x0200c720     0x18a4 c:/nds/devkitPro/libnds/lib\libnds9.a(videoGL.o)
                0x0200c720                glGetGlobals
                0x0200c728                glRotatef32i
                0x0200ca08                glMaterialf
                0x0200ca74                glTexCoord2f32
                0x0200cae8                vramBlock_init
                0x0200cb50                vramBlock_Construct
                0x0200cb78                vramBlock_terminate
                0x0200cba4                vramBlock_Deconstruct
                0x0200cbb8                vramBlock__allocateBlock
                0x0200cd84                vramBlock__deallocateBlock
                0x0200cea8                vramBlock_examineSpecial
                0x0200d108                vramBlock_allocateSpecial
                0x0200d11c                vramBlock_allocateBlock
                0x0200d14c                vramBlock_deallocateBlock
                0x0200d18c                vramBlock_deallocateAll
                0x0200d19c                vramBlock_getAddr
                0x0200d1b0                vramBlock_getSize
                0x0200d1c4                glInit_C
                0x0200d368                glResetTextures
                0x0200d400                removePaletteFromTexture
                0x0200d46c                glGenTextures
                0x0200d504                glDeleteTextures
                0x0200d5d4                vramGetBank
                0x0200d694                glLockVRAMBank
                0x0200d768                glUnlockVRAMBank
                0x0200d81c                glBindTexture
                0x0200d87c                glColorTableEXT
                0x0200da58                glColorSubTableEXT
                0x0200daa8                glGetColorTableEXT
                0x0200dae4                glAssignColorTable
                0x0200db58                glTexParameter
                0x0200db90                glGetTexturePointer
                0x0200dbb0                glGetTexParameter
                0x0200dbd0                glGetColorTableParameterEXT
                0x0200dc08                glTexImage2D
 .text          0x0200dfc4      0x234 c:/nds/devkitPro/libnds/lib\libnds9.a(dldi.o)
                0x0200dfc4                dldiGetInternal
                0x0200dffc                dldiIsValid
                0x0200e034                dldiFixDriverAddresses
                0x0200e110                dldiLoadFromFile
                0x0200e1ec                dldiFree
 .text          0x0200e1f8      0x148 c:/nds/devkitPro/libnds/lib\libnds9.a(dsi_sd.o)
                0x0200e1f8                sdio_ClearStatus
                0x0200e208                sdio_Shutdown
                0x0200e218                sdio_Startup
                0x0200e264                sdio_IsInserted
                0x0200e298                sdio_ReadSectors
                0x0200e2ec                sdio_WriteSectors
 .text          0x0200e340      0x140 c:/nds/devkitPro/libnds/lib\libnds9.a(initSystem.o)
                0x0200e340                initSystem
 .text          0x0200e480      0x23c c:/nds/devkitPro/libnds/lib\libnds9.a(card.o)
                0x0200e480                cardWriteCommand
                0x0200e4a4                cardPolledTransfer
                0x0200e4f4                cardStartTransfer
                0x0200e550                cardWriteAndRead
                0x0200e594                cardParamCommand
                0x0200e5c4                cardReadID
                0x0200e5ec                cardReset
                0x0200e660                cardReadHeader
 .text          0x0200e6bc      0xce0 c:/nds/devkitPro/libnds/lib\libnds9.a(fifosystem.o)
                0x0200e934                fifoSendAddress
                0x0200e960                fifoSendValue32
                0x0200e99c                fifoSendDatamsg
                0x0200ea0c                fifoGetAddress
                0x0200ea80                fifoSetAddressHandler
                0x0200eafc                fifoGetValue32
                0x0200eb70                fifoSetValue32Handler
                0x0200ebec                fifoGetDatamsg
                0x0200f090                fifoSetDatamsgHandler
                0x0200f134                fifoCheckAddress
                0x0200f15c                fifoCheckDatamsg
                0x0200f184                fifoCheckDatamsgLength
                0x0200f1bc                fifoCheckValue32
                0x0200f1e4                fifoInit
 .text          0x0200f39c      0x1ec c:/nds/devkitPro/libnds/lib\libnds9.a(interrupts.o)
                0x0200f39c                irqDummy
                0x0200f3a0                irqSet
                0x0200f40c                irqInit
                0x0200f458                irqInitHandler
                0x0200f488                irqEnable
                0x0200f4ec                irqDisable
                0x0200f550                irqClear
 .text          0x0200f588       0x58 c:/nds/devkitPro/libnds/lib\libnds9.a(libnds_exit.arm.o)
                0x0200f588                systemErrorExit
                0x0200f58c                __libnds_exit
 .text          0x0200f5e0       0x70 c:/nds/devkitPro/libnds/lib\libnds9.a(dcache.o)
                0x0200f5e0                DC_FlushAll
                0x0200f60c                DC_FlushRange
                0x0200f628                DC_InvalidateAll
                0x0200f634                DC_InvalidateRange
 *fill*         0x0200f650       0x30 ff
 .text          0x0200f680     0x8000 c:/nds/devkitPro/libnds/lib\libnds9.a(dldi_stub.o)
                0x0200f680                _io_dldi_stub
 .text          0x02017680      0x1b4 c:/nds/devkitPro/libnds/lib\libnds9.a(mpu_setup.o)
                0x02017680                __libnds_mpu_setup
                0x020177c0                memCached
                0x020177d8                memUncached
 *fill*         0x02017834        0xc ff
 .text          0x02017840       0x70 c:/nds/devkitPro/libnds/lib\libnds9.a(biosCalls.o)
                0x02017840                swiDelay
                0x02017844                swiIntrWait
                0x02017848                swiWaitForVBlank
                0x0201784c                swiSleep
                0x02017850                swiChangeSoundBias
                0x02017854                swiDivide
                0x02017858                swiRemainder
                0x0201785e                swiDivMod
                0x0201786a                swiCopy
                0x0201786e                swiFastCopy
                0x02017872                swiSqrt
                0x02017876                swiCRC16
                0x0201787a                swiIsDebugger
                0x0201787e                swiUnpackBits
                0x02017882                swiDecompressLZSSWram
                0x02017886                swiDecompressLZSSVramNTR
                0x0201788a                swiDecompressLZSSVramTWL
                0x0201788e                swiDecompressHuffman
                0x02017892                swiDecompressRLEWram
                0x02017896                swiDecompressRLEVram
                0x0201789a                swiWaitForIRQ
                0x0201789e                swiDecodeDelta8
                0x020178a2                swiDecodeDelta16
                0x020178a6                swiSetHaltCR
 .text          0x020178b0       0xa4 c:/nds/devkitPro/libnds/lib\libnds9.a(debugprint.o)
                0x020178b0                nocashWrite
                0x020178b2                nocashMessage
 .text          0x02017954        0x0 c:/nds/devkitPro/libnds/lib\libnds9.a(interruptDispatcher.o)
 *fill*         0x02017954        0xc ff
 .text          0x02017960       0x30 c:/nds/devkitPro/libnds/lib\libnds9.a(swiSoftReset.o)
                0x02017960                swiSoftReset
 .text          0x02017990        0x0 c:/nds/devkitPro/libnds/lib\libnds9.a(default_font.bin.o)
 .text          0x02017990      0x334 c:/nds/devkitPro/libnds/lib\libnds9.a(background.o)
                0x02017990                bgIsText
                0x0201799c                checkIfText
                0x020179f4                bgUpdate
                0x02017af8                bgInit_call
                0x02017bd8                bgInitSub_call
 .text          0x02017cc4       0x8c c:/nds/devkitPro/libnds/lib\libnds9.a(dynamicArray.o)
                0x02017cc4                DynamicArrayInit
                0x02017cdc                DynamicArrayDelete
                0x02017cf0                DynamicArrayGet
                0x02017d08                DynamicArraySet
 .text          0x02017d50      0x128 c:/nds/devkitPro/libnds/lib\libnds9.a(system.o)
                0x02017d50                setSDcallback
                0x02017d5c                systemMsgHandler
                0x02017da0                systemSleep
                0x02017db8                systemValueHandler
                0x02017df4                powerOn
                0x02017e20                powerOff
                0x02017e48                ledBlink
                0x02017e58                getBatteryLevel
 .text          0x02017e78        0x0 c:/nds/devkitpro/devkitarm/bin/../lib/gcc/arm-none-eabi/4.8.2/../../../../arm-none-eabi/lib/thumb\libstdc++.a(new_op.o)
 .text          0x02017e78        0x0 c:/nds/devkitpro/devkitarm/bin/../lib/gcc/arm-none-eabi/4.8.2/../../../../arm-none-eabi/lib/thumb\libstdc++.a(eh_call.o)
 .text          0x02017e78        0x0 c:/nds/devkitpro/devkitarm/bin/../lib/gcc/arm-none-eabi/4.8.2/../../../../arm-none-eabi/lib/thumb\libstdc++.a(eh_personality.o)
 .text          0x02017e78        0x0 c:/nds/devkitpro/devkitarm/bin/../lib/gcc/arm-none-eabi/4.8.2/../../../../arm-none-eabi/lib/thumb\libstdc++.a(eh_terminate.o)
 .text          0x02017e78        0x0 c:/nds/devkitpro/devkitarm/bin/../lib/gcc/arm-none-eabi/4.8.2/../../../../arm-none-eabi/lib/thumb\libstdc++.a(eh_exception.o)
 .text          0x02017e78        0x0 c:/nds/devkitpro/devkitarm/bin/../lib/gcc/arm-none-eabi/4.8.2/../../../../arm-none-eabi/lib/thumb\libstdc++.a(eh_alloc.o)
 .text          0x02017e78        0x0 c:/nds/devkitpro/devkitarm/bin/../lib/gcc/arm-none-eabi/4.8.2/../../../../arm-none-eabi/lib/thumb\libstdc++.a(bad_alloc.o)
 .text          0x02017e78        0x0 c:/nds/devkitpro/devkitarm/bin/../lib/gcc/arm-none-eabi/4.8.2/../../../../arm-none-eabi/lib/thumb\libstdc++.a(class_type_info.o)
 .text          0x02017e78        0x0 c:/nds/devkitpro/devkitarm/bin/../lib/gcc/arm-none-eabi/4.8.2/../../../../arm-none-eabi/lib/thumb\libstdc++.a(new_handler.o)
 .text          0x02017e78        0x0 c:/nds/devkitpro/devkitarm/bin/../lib/gcc/arm-none-eabi/4.8.2/../../../../arm-none-eabi/lib/thumb\libstdc++.a(eh_arm.o)
 .text          0x02017e78        0x0 c:/nds/devkitpro/devkitarm/bin/../lib/gcc/arm-none-eabi/4.8.2/../../../../arm-none-eabi/lib/thumb\libstdc++.a(eh_throw.o)
 .text          0x02017e78        0x0 c:/nds/devkitpro/devkitarm/bin/../lib/gcc/arm-none-eabi/4.8.2/../../../../arm-none-eabi/lib/thumb\libstdc++.a(pure.o)
 .text          0x02017e78        0x0 c:/nds/devkitpro/devkitarm/bin/../lib/gcc/arm-none-eabi/4.8.2/../../../../arm-none-eabi/lib/thumb\libstdc++.a(eh_globals.o)
 .text          0x02017e78        0x0 c:/nds/devkitpro/devkitarm/bin/../lib/gcc/arm-none-eabi/4.8.2/../../../../arm-none-eabi/lib/thumb\libstdc++.a(eh_catch.o)
 .text          0x02017e78        0x0 c:/nds/devkitpro/devkitarm/bin/../lib/gcc/arm-none-eabi/4.8.2/../../../../arm-none-eabi/lib/thumb\libstdc++.a(si_class_type_info.o)
 .text          0x02017e78        0x0 c:/nds/devkitpro/devkitarm/bin/../lib/gcc/arm-none-eabi/4.8.2/../../../../arm-none-eabi/lib/thumb\libstdc++.a(eh_unex_handler.o)
 .text          0x02017e78        0x0 c:/nds/devkitpro/devkitarm/bin/../lib/gcc/arm-none-eabi/4.8.2/../../../../arm-none-eabi/lib/thumb\libstdc++.a(tinfo.o)
 .text          0x02017e78        0x0 c:/nds/devkitpro/devkitarm/bin/../lib/gcc/arm-none-eabi/4.8.2/../../../../arm-none-eabi/lib/thumb\libstdc++.a(eh_term_handler.o)
 .text          0x02017e78        0x0 c:/nds/devkitpro/devkitarm/bin/../lib/gcc/arm-none-eabi/4.8.2/../../../../arm-none-eabi/lib/thumb\libstdc++.a(del_op.o)
 .text          0x02017e78        0x0 c:/nds/devkitpro/devkitarm/bin/../lib/gcc/arm-none-eabi/4.8.2/../../../../arm-none-eabi/lib/thumb\libstdc++.a(vterminate.o)
 .text          0x02017e78        0x0 c:/nds/devkitpro/devkitarm/bin/../lib/gcc/arm-none-eabi/4.8.2/../../../../arm-none-eabi/lib/thumb\libstdc++.a(eh_type.o)
 .text          0x02017e78     0x60e0 c:/nds/devkitpro/devkitarm/bin/../lib/gcc/arm-none-eabi/4.8.2/../../../../arm-none-eabi/lib/thumb\libstdc++.a(cp-demangle.o)
                0x0201de64                __cxa_demangle
                0x0201df2c                __gcclibcxx_demangle_callback
 .text          0x0201df58      0x11c c:/nds/devkitpro/devkitarm/bin/../lib/gcc/arm-none-eabi/4.8.2/thumb\libgcc.a(_udivsi3.o)
                0x0201df58                __aeabi_uidiv
                0x0201df58                __udivsi3
                0x0201e054                __aeabi_uidivmod
 .text          0x0201e074      0x150 c:/nds/devkitpro/devkitarm/bin/../lib/gcc/arm-none-eabi/4.8.2/thumb\libgcc.a(_divsi3.o)
                0x0201e074                __divsi3
                0x0201e074                __aeabi_idiv
                0x0201e1a4                __aeabi_idivmod
 .text          0x0201e1c4        0x4 c:/nds/devkitpro/devkitarm/bin/../lib/gcc/arm-none-eabi/4.8.2/thumb\libgcc.a(_dvmd_tls.o)
                0x0201e1c4                __aeabi_idiv0
                0x0201e1c4                __aeabi_ldiv0
 .text          0x0201e1c8       0x4c c:/nds/devkitpro/devkitarm/bin/../lib/gcc/arm-none-eabi/4.8.2/thumb\libgcc.a(_muldi3.o)
                0x0201e1c8                __muldi3
                0x0201e1c8                __aeabi_lmul
 .text          0x0201e214      0xac4 c:/nds/devkitpro/devkitarm/bin/../lib/gcc/arm-none-eabi/4.8.2/thumb\libgcc.a(unwind-arm.o)
                0x0201e510                _Unwind_GetCFA
                0x0201e514                __gnu_Unwind_RaiseException
                0x0201e56c                __gnu_Unwind_ForcedUnwind
                0x0201e584                __gnu_Unwind_Resume
                0x0201e5cc                __gnu_Unwind_Resume_or_Rethrow
                0x0201e5ec                _Unwind_Complete
                0x0201e5f0                _Unwind_DeleteException
                0x0201e608                _Unwind_VRS_Get
                0x0201e65c                _Unwind_VRS_Set
                0x0201e6b0                __gnu_Unwind_Backtrace
                0x0201ea1c                __aeabi_unwind_cpp_pr0
                0x0201ea2c                __aeabi_unwind_cpp_pr1
                0x0201ea3c                __aeabi_unwind_cpp_pr2
                0x0201ea4c                _Unwind_VRS_Pop
 .text          0x0201ecd8      0x1d8 c:/nds/devkitpro/devkitarm/bin/../lib/gcc/arm-none-eabi/4.8.2/thumb\libgcc.a(libunwind.o)
                0x0201ecd8                __restore_core_regs
                0x0201ecd8                restore_core_regs
                0x0201ecf4                __gnu_Unwind_Restore_VFP
                0x0201ecfc                __gnu_Unwind_Save_VFP
                0x0201ed04                __gnu_Unwind_Restore_VFP_D
                0x0201ed0c                __gnu_Unwind_Save_VFP_D
                0x0201ed14                __gnu_Unwind_Restore_VFP_D_16_to_31
                0x0201ed1c                __gnu_Unwind_Save_VFP_D_16_to_31
                0x0201ed24                __gnu_Unwind_Restore_WMMXD
                0x0201ed68                __gnu_Unwind_Save_WMMXD
                0x0201edac                __gnu_Unwind_Restore_WMMXC
                0x0201edc0                __gnu_Unwind_Save_WMMXC
                0x0201edd4                ___Unwind_RaiseException
                0x0201edd4                _Unwind_RaiseException
                0x0201ee00                _Unwind_Resume
                0x0201ee00                ___Unwind_Resume
                0x0201ee2c                _Unwind_Resume_or_Rethrow
                0x0201ee2c                ___Unwind_Resume_or_Rethrow
                0x0201ee58                _Unwind_ForcedUnwind
                0x0201ee58                ___Unwind_ForcedUnwind
                0x0201ee84                ___Unwind_Backtrace
                0x0201ee84                _Unwind_Backtrace
 .text          0x0201eeb0      0x3c4 c:/nds/devkitpro/devkitarm/bin/../lib/gcc/arm-none-eabi/4.8.2/thumb\libgcc.a(pr-support.o)
                0x0201ef10                __gnu_unwind_execute
                0x0201f210                __gnu_unwind_frame
                0x0201f23c                _Unwind_GetRegionStart
                0x0201f24c                _Unwind_GetLanguageSpecificData
                0x0201f264                _Unwind_GetDataRelBase
                0x0201f26c                _Unwind_GetTextRelBase
 .text          0x0201f274       0x10 c:/nds/devkitpro/devkitarm/bin/../lib/gcc/arm-none-eabi/4.8.2/../../../../arm-none-eabi/lib/thumb\libg.a(lib_a-abort.o)
                0x0201f274                abort
 .text          0x0201f284       0x64 c:/nds/devkitpro/devkitarm/bin/../lib/gcc/arm-none-eabi/4.8.2/../../../../arm-none-eabi/lib/thumb\libg.a(lib_a-bsearch.o)
                0x0201f284                bsearch
 .text          0x0201f2e8       0x1c c:/nds/devkitpro/devkitarm/bin/../lib/gcc/arm-none-eabi/4.8.2/../../../../arm-none-eabi/lib/thumb\libg.a(lib_a-calloc.o)
                0x0201f2e8                calloc
 .text          0x0201f304       0x64 c:/nds/devkitpro/devkitarm/bin/../lib/gcc/arm-none-eabi/4.8.2/../../../../arm-none-eabi/lib/thumb\libg.a(lib_a-callocr.o)
                0x0201f304                _calloc_r
 .text          0x0201f368       0x10 c:/nds/devkitpro/devkitarm/bin/../lib/gcc/arm-none-eabi/4.8.2/../../../../arm-none-eabi/lib/thumb\libg.a(lib_a-ctype_.o)
                0x0201f368                __set_ctype
 .text          0x0201f378       0xb0 c:/nds/devkitpro/devkitarm/bin/../lib/gcc/arm-none-eabi/4.8.2/../../../../arm-none-eabi/lib/thumb\libg.a(lib_a-fclose.o)
                0x0201f378                _fclose_r
                0x0201f40c                fclose
 .text          0x0201f428      0x1bc c:/nds/devkitpro/devkitarm/bin/../lib/gcc/arm-none-eabi/4.8.2/../../../../arm-none-eabi/lib/thumb\libg.a(lib_a-fflush.o)
                0x0201f428                __sflush_r
                0x0201f584                _fflush_r
                0x0201f5b4                fflush
 .text          0x0201f5e4      0x248 c:/nds/devkitpro/devkitarm/bin/../lib/gcc/arm-none-eabi/4.8.2/../../../../arm-none-eabi/lib/thumb\libg.a(lib_a-findfp.o)
                0x0201f5ec                _cleanup_r
                0x0201f600                __sfmoreglue
                0x0201f634                _cleanup
                0x0201f650                __sinit
                0x0201f750                __sfp
                0x0201f7e4                __sfp_lock_acquire
                0x0201f7e8                __sfp_lock_release
                0x0201f7ec                __sinit_lock_acquire
                0x0201f7f0                __sinit_lock_release
                0x0201f7f4                __fp_lock_all
                0x0201f810                __fp_unlock_all
 .text          0x0201f82c       0xa8 c:/nds/devkitpro/devkitarm/bin/../lib/gcc/arm-none-eabi/4.8.2/../../../../arm-none-eabi/lib/thumb\libg.a(lib_a-fopen.o)
                0x0201f82c                _fopen_r
                0x0201f8b8                fopen
 .text          0x0201f8d4       0x58 c:/nds/devkitpro/devkitarm/bin/../lib/gcc/arm-none-eabi/4.8.2/../../../../arm-none-eabi/lib/thumb\libg.a(lib_a-fputc.o)
                0x0201f8d4                _fputc_r
                0x0201f8fc                fputc
 .text          0x0201f92c       0x78 c:/nds/devkitpro/devkitarm/bin/../lib/gcc/arm-none-eabi/4.8.2/../../../../arm-none-eabi/lib/thumb\libg.a(lib_a-fputs.o)
                0x0201f92c                _fputs_r
                0x0201f988                fputs
 .text          0x0201f9a4      0x19c c:/nds/devkitpro/devkitarm/bin/../lib/gcc/arm-none-eabi/4.8.2/../../../../arm-none-eabi/lib/thumb\libg.a(lib_a-fread.o)
                0x0201f9a4                _fread_r
                0x0201fb18                fread
 .text          0x0201fb40      0x238 c:/nds/devkitpro/devkitarm/bin/../lib/gcc/arm-none-eabi/4.8.2/../../../../arm-none-eabi/lib/thumb\libg.a(lib_a-freer.o)
                0x0201fb40                _malloc_trim_r
                0x0201fbe4                _free_r
 .text          0x0201fd78       0x2c c:/nds/devkitpro/devkitarm/bin/../lib/gcc/arm-none-eabi/4.8.2/../../../../arm-none-eabi/lib/thumb\libg.a(lib_a-fseek.o)
                0x0201fd78                _fseek_r
                0x0201fd84                fseek
 .text          0x0201fda4      0x34c c:/nds/devkitpro/devkitarm/bin/../lib/gcc/arm-none-eabi/4.8.2/../../../../arm-none-eabi/lib/thumb\libg.a(lib_a-fseeko.o)
                0x0201fda4                _fseeko_r
                0x020200cc                fseeko
 .text          0x020200f0       0x24 c:/nds/devkitpro/devkitarm/bin/../lib/gcc/arm-none-eabi/4.8.2/../../../../arm-none-eabi/lib/thumb\libg.a(lib_a-ftell.o)
                0x020200f0                _ftell_r
                0x020200fc                ftell
 .text          0x02020114       0x9c c:/nds/devkitpro/devkitarm/bin/../lib/gcc/arm-none-eabi/4.8.2/../../../../arm-none-eabi/lib/thumb\libg.a(lib_a-ftello.o)
                0x02020114                _ftello_r
                0x02020194                ftello
 .text          0x020201b0      0x330 c:/nds/devkitpro/devkitarm/bin/../lib/gcc/arm-none-eabi/4.8.2/../../../../arm-none-eabi/lib/thumb\libg.a(lib_a-fvwrite.o)
                0x020201b0                __sfvwrite_r
 .text          0x020204e0       0xa4 c:/nds/devkitpro/devkitarm/bin/../lib/gcc/arm-none-eabi/4.8.2/../../../../arm-none-eabi/lib/thumb\libg.a(lib_a-fwalk.o)
                0x020204e0                _fwalk
                0x0202052c                _fwalk_reent
 .text          0x02020584       0x9c c:/nds/devkitpro/devkitarm/bin/../lib/gcc/arm-none-eabi/4.8.2/../../../../arm-none-eabi/lib/thumb\libg.a(lib_a-fwrite.o)
                0x02020584                _fwrite_r
                0x020205f8                fwrite
 .text          0x02020620        0x0 c:/nds/devkitpro/devkitarm/bin/../lib/gcc/arm-none-eabi/4.8.2/../../../../arm-none-eabi/lib/thumb\libg.a(lib_a-impure.o)
 .text          0x02020620       0x58 c:/nds/devkitpro/devkitarm/bin/../lib/gcc/arm-none-eabi/4.8.2/../../../../arm-none-eabi/lib/thumb\libg.a(lib_a-init.o)
                0x02020620                __libc_init_array
 .text          0x02020678       0x40 c:/nds/devkitpro/devkitarm/bin/../lib/gcc/arm-none-eabi/4.8.2/../../../../arm-none-eabi/lib/thumb\libg.a(lib_a-iprintf.o)
                0x02020678                iprintf
                0x0202069c                _iprintf_r
 .text          0x020206b8       0x10 c:/nds/devkitpro/devkitarm/bin/../lib/gcc/arm-none-eabi/4.8.2/../../../../arm-none-eabi/lib/thumb\libg.a(lib_a-lcltime_r.o)
                0x020206b8                localtime_r
 .text          0x020206c8      0x934 c:/nds/devkitpro/devkitarm/bin/../lib/gcc/arm-none-eabi/4.8.2/../../../../arm-none-eabi/lib/thumb\libg.a(lib_a-locale.o)
                0x02020d88                _setlocale_r
                0x02020f9c                __locale_charset
                0x02020fa4                __locale_mb_cur_max
                0x02020fb0                __locale_msgcharset
                0x02020fbc                __locale_cjk_lang
                0x02020fc8                _localeconv_r
                0x02020fd4                setlocale
                0x02020ff0                localeconv
 .text          0x02020ffc       0xe4 c:/nds/devkitpro/devkitarm/bin/../lib/gcc/arm-none-eabi/4.8.2/../../../../arm-none-eabi/lib/thumb\libg.a(lib_a-makebuf.o)
                0x02020ffc                __smakebuf_r
 .text          0x020210e0       0x30 c:/nds/devkitpro/devkitarm/bin/../lib/gcc/arm-none-eabi/4.8.2/../../../../arm-none-eabi/lib/thumb\libg.a(lib_a-malloc.o)
                0x020210e0                malloc
                0x020210f8                free
 .text          0x02021110      0x510 c:/nds/devkitpro/devkitarm/bin/../lib/gcc/arm-none-eabi/4.8.2/../../../../arm-none-eabi/lib/thumb\libg.a(lib_a-mallocr.o)
                0x02021110                _malloc_r
 .text          0x02021620       0xf8 c:/nds/devkitpro/devkitarm/bin/../lib/gcc/arm-none-eabi/4.8.2/../../../../arm-none-eabi/lib/thumb\libg.a(lib_a-mbrtowc.o)
                0x02021620                _mbrtowc_r
                0x02021698                mbrtowc
 .text          0x02021718       0x40 c:/nds/devkitpro/devkitarm/bin/../lib/gcc/arm-none-eabi/4.8.2/../../../../arm-none-eabi/lib/thumb\libg.a(lib_a-mbsrtowcs.o)
                0x02021718                _mbsrtowcs_r
                0x02021730                mbsrtowcs
 .text          0x02021758      0x5bc c:/nds/devkitpro/devkitarm/bin/../lib/gcc/arm-none-eabi/4.8.2/../../../../arm-none-eabi/lib/thumb\libg.a(lib_a-mbtowc_r.o)
                0x02021758                __utf8_mbtowc
                0x020219c0                _mbtowc_r
                0x020219fc                __ascii_mbtowc
                0x02021a2c                __sjis_mbtowc
                0x02021ae4                __eucjp_mbtowc
                0x02021bcc                __jis_mbtowc
 .text          0x02021d14       0x8c c:/nds/devkitpro/devkitarm/bin/../lib/gcc/arm-none-eabi/4.8.2/../../../../arm-none-eabi/lib/thumb\libg.a(lib_a-memchr-stub.o)
                0x02021d14                memchr
 .text          0x02021da0       0x50 c:/nds/devkitpro/devkitarm/bin/../lib/gcc/arm-none-eabi/4.8.2/../../../../arm-none-eabi/lib/thumb\libg.a(lib_a-memcmp.o)
                0x02021da0                memcmp
 .text          0x02021df0       0x88 c:/nds/devkitpro/devkitarm/bin/../lib/gcc/arm-none-eabi/4.8.2/../../../../arm-none-eabi/lib/thumb\libg.a(lib_a-memcpy-stub.o)
                0x02021df0                memcpy
 .text          0x02021e78       0xa8 c:/nds/devkitpro/devkitarm/bin/../lib/gcc/arm-none-eabi/4.8.2/../../../../arm-none-eabi/lib/thumb\libg.a(lib_a-memmove.o)
                0x02021e78                memmove
 .text          0x02021f20       0xa4 c:/nds/devkitpro/devkitarm/bin/../lib/gcc/arm-none-eabi/4.8.2/../../../../arm-none-eabi/lib/thumb\libg.a(lib_a-memset.o)
                0x02021f20                memset
 .text          0x02021fc4      0x51c c:/nds/devkitpro/devkitarm/bin/../lib/gcc/arm-none-eabi/4.8.2/../../../../arm-none-eabi/lib/thumb\libg.a(lib_a-mktime.o)
                0x020221a4                mktime
 .text          0x020224e0      0x494 c:/nds/devkitpro/devkitarm/bin/../lib/gcc/arm-none-eabi/4.8.2/../../../../arm-none-eabi/lib/thumb\libg.a(lib_a-mktm_r.o)
                0x020224e0                __tzcalc_limits
                0x0202267c                _mktm_r
 .text          0x02022974        0x8 c:/nds/devkitpro/devkitarm/bin/../lib/gcc/arm-none-eabi/4.8.2/../../../../arm-none-eabi/lib/thumb\libg.a(lib_a-mlock.o)
                0x02022974                __malloc_lock
                0x02022978                __malloc_unlock
 .text          0x0202297c       0xc8 c:/nds/devkitpro/devkitarm/bin/../lib/gcc/arm-none-eabi/4.8.2/../../../../arm-none-eabi/lib/thumb\libg.a(lib_a-putc.o)
                0x0202297c                _putc_r
                0x020229dc                putc
 .text          0x02022a44       0x1c c:/nds/devkitpro/devkitarm/bin/../lib/gcc/arm-none-eabi/4.8.2/../../../../arm-none-eabi/lib/thumb\libg.a(lib_a-realloc.o)
                0x02022a44                realloc
 .text          0x02022a60      0x36c c:/nds/devkitpro/devkitarm/bin/../lib/gcc/arm-none-eabi/4.8.2/../../../../arm-none-eabi/lib/thumb\libg.a(lib_a-reallocr.o)
                0x02022a60                _realloc_r
 .text          0x02022dcc      0x148 c:/nds/devkitpro/devkitarm/bin/../lib/gcc/arm-none-eabi/4.8.2/../../../../arm-none-eabi/lib/thumb\libg.a(lib_a-refill.o)
                0x02022dec                __srefill_r
 .text          0x02022f14       0x40 c:/nds/devkitpro/devkitarm/bin/../lib/gcc/arm-none-eabi/4.8.2/../../../../arm-none-eabi/lib/thumb\libg.a(lib_a-rewind.o)
                0x02022f14                _rewind_r
                0x02022f30                rewind
 .text          0x02022f54      0x110 c:/nds/devkitpro/devkitarm/bin/../lib/gcc/arm-none-eabi/4.8.2/../../../../arm-none-eabi/lib/thumb\libg.a(lib_a-setvbuf.o)
                0x02022f54                setvbuf
 .text          0x02023064      0x198 c:/nds/devkitpro/devkitarm/bin/../lib/gcc/arm-none-eabi/4.8.2/../../../../arm-none-eabi/lib/thumb\libg.a(lib_a-signal.o)
                0x02023064                _init_signal_r
                0x020230a4                _signal_r
                0x020230e4                _raise_r
                0x02023144                __sigtramp_r
                0x02023198                raise
                0x020231b0                signal
                0x020231cc                _init_signal
                0x020231e0                __sigtramp
 .text          0x020231fc       0xa0 c:/nds/devkitpro/devkitarm/bin/../lib/gcc/arm-none-eabi/4.8.2/../../../../arm-none-eabi/lib/thumb\libg.a(lib_a-siscanf.o)
                0x020231fc                siscanf
                0x0202324c                _siscanf_r
 .text          0x0202329c       0x84 c:/nds/devkitpro/devkitarm/bin/../lib/gcc/arm-none-eabi/4.8.2/../../../../arm-none-eabi/lib/thumb\libg.a(lib_a-sprintf.o)
                0x0202329c                _sprintf_r
                0x020232dc                sprintf
 .text          0x02023320       0xac c:/nds/devkitpro/devkitarm/bin/../lib/gcc/arm-none-eabi/4.8.2/../../../../arm-none-eabi/lib/thumb\libg.a(lib_a-stdio.o)
                0x02023320                __sread
                0x0202334c                __seofread
                0x02023350                __swrite
                0x0202338c                __sseek
                0x020233bc                __sclose
 .text          0x020233cc       0x4c c:/nds/devkitpro/devkitarm/bin/../lib/gcc/arm-none-eabi/4.8.2/../../../../arm-none-eabi/lib/thumb\libg.a(lib_a-stpcpy.o)
                0x020233cc                stpcpy
 .text          0x02023418       0x50 c:/nds/devkitpro/devkitarm/bin/../lib/gcc/arm-none-eabi/4.8.2/../../../../arm-none-eabi/lib/thumb\libg.a(lib_a-strcasecmp.o)
                0x02023418                strcasecmp
 .text          0x02023468       0x54 c:/nds/devkitpro/devkitarm/bin/../lib/gcc/arm-none-eabi/4.8.2/../../../../arm-none-eabi/lib/thumb\libg.a(lib_a-strcat.o)
                0x02023468                strcat
 .text          0x020234bc       0xdc c:/nds/devkitpro/devkitarm/bin/../lib/gcc/arm-none-eabi/4.8.2/../../../../arm-none-eabi/lib/thumb\libg.a(lib_a-strchr.o)
                0x020234bc                strchr
 .text          0x02023598       0x14 c:/nds/devkitpro/devkitarm/bin/../lib/gcc/arm-none-eabi/4.8.2/../../../../arm-none-eabi/lib/thumb\libg.a(lib_a-strcmp.o)
                0x02023598                strcmp
 .text          0x020235ac       0x10 c:/nds/devkitpro/devkitarm/bin/../lib/gcc/arm-none-eabi/4.8.2/../../../../arm-none-eabi/lib/thumb\libg.a(lib_a-strcpy.o)
                0x020235ac                strcpy
 .text          0x020235bc       0x18 c:/nds/devkitpro/devkitarm/bin/../lib/gcc/arm-none-eabi/4.8.2/../../../../arm-none-eabi/lib/thumb\libg.a(lib_a-strdup.o)
                0x020235bc                strdup
 .text          0x020235d4       0x2c c:/nds/devkitpro/devkitarm/bin/../lib/gcc/arm-none-eabi/4.8.2/../../../../arm-none-eabi/lib/thumb\libg.a(lib_a-strdup_r.o)
                0x020235d4                _strdup_r
 .text          0x02023600       0x50 c:/nds/devkitpro/devkitarm/bin/../lib/gcc/arm-none-eabi/4.8.2/../../../../arm-none-eabi/lib/thumb\libg.a(lib_a-strlcpy.o)
                0x02023600                strlcpy
 .text          0x02023650       0x10 c:/nds/devkitpro/devkitarm/bin/../lib/gcc/arm-none-eabi/4.8.2/../../../../arm-none-eabi/lib/thumb\libg.a(lib_a-strlen.o)
                0x02023650                strlen
 .text          0x02023660       0x60 c:/nds/devkitpro/devkitarm/bin/../lib/gcc/arm-none-eabi/4.8.2/../../../../arm-none-eabi/lib/thumb\libg.a(lib_a-strncasecmp.o)
                0x02023660                strncasecmp
 .text          0x020236c0       0xbc c:/nds/devkitpro/devkitarm/bin/../lib/gcc/arm-none-eabi/4.8.2/../../../../arm-none-eabi/lib/thumb\libg.a(lib_a-strncmp.o)
                0x020236c0                strncmp
 .text          0x0202377c       0x78 c:/nds/devkitpro/devkitarm/bin/../lib/gcc/arm-none-eabi/4.8.2/../../../../arm-none-eabi/lib/thumb\libg.a(lib_a-strncpy.o)
                0x0202377c                strncpy
 .text          0x020237f4       0x34 c:/nds/devkitpro/devkitarm/bin/../lib/gcc/arm-none-eabi/4.8.2/../../../../arm-none-eabi/lib/thumb\libg.a(lib_a-strnlen.o)
                0x020237f4                strnlen
 .text          0x02023828       0x58 c:/nds/devkitpro/devkitarm/bin/../lib/gcc/arm-none-eabi/4.8.2/../../../../arm-none-eabi/lib/thumb\libg.a(lib_a-strpbrk.o)
                0x02023828                strpbrk
 .text          0x02023880       0x2c c:/nds/devkitpro/devkitarm/bin/../lib/gcc/arm-none-eabi/4.8.2/../../../../arm-none-eabi/lib/thumb\libg.a(lib_a-strrchr.o)
                0x02023880                strrchr
 .text          0x020238ac      0x190 c:/nds/devkitpro/devkitarm/bin/../lib/gcc/arm-none-eabi/4.8.2/../../../../arm-none-eabi/lib/thumb\libg.a(lib_a-strtol.o)
                0x020238ac                _strtol_r
                0x02023a1c                strtol
 .text          0x02023a3c      0xadc c:/nds/devkitpro/devkitarm/bin/../lib/gcc/arm-none-eabi/4.8.2/../../../../arm-none-eabi/lib/thumb\libg.a(lib_a-svfiscanf.o)
                0x02023a3c                _sungetc_r
                0x02023ac4                __ssrefill_r
                0x02023b08                _sfread_r
                0x02023b90                __ssvfiscanf_r
 .text          0x02024518     0x17a8 c:/nds/devkitpro/devkitarm/bin/../lib/gcc/arm-none-eabi/4.8.2/../../../../arm-none-eabi/lib/thumb\libg.a(lib_a-svfprintf.o)
                0x02024518                _svfprintf_r
 .text          0x02025cc0       0x18 c:/nds/devkitpro/devkitarm/bin/../lib/gcc/arm-none-eabi/4.8.2/../../../../arm-none-eabi/lib/thumb\libg.a(lib_a-sysclose.o)
                0x02025cc0                close
 .text          0x02025cd8       0x20 c:/nds/devkitpro/devkitarm/bin/../lib/gcc/arm-none-eabi/4.8.2/../../../../arm-none-eabi/lib/thumb\libg.a(lib_a-syslseek.o)
                0x02025cd8                lseek
 .text          0x02025cf8       0x24 c:/nds/devkitpro/devkitarm/bin/../lib/gcc/arm-none-eabi/4.8.2/../../../../arm-none-eabi/lib/thumb\libg.a(lib_a-sysopen.o)
                0x02025cf8                open
 .text          0x02025d1c       0x20 c:/nds/devkitpro/devkitarm/bin/../lib/gcc/arm-none-eabi/4.8.2/../../../../arm-none-eabi/lib/thumb\libg.a(lib_a-sysread.o)
                0x02025d1c                read
 .text          0x02025d3c       0x20 c:/nds/devkitpro/devkitarm/bin/../lib/gcc/arm-none-eabi/4.8.2/../../../../arm-none-eabi/lib/thumb\libg.a(lib_a-syswrite.o)
                0x02025d3c                write
 .text          0x02025d5c       0x30 c:/nds/devkitpro/devkitarm/bin/../lib/gcc/arm-none-eabi/4.8.2/../../../../arm-none-eabi/lib/thumb\libg.a(lib_a-time.o)
                0x02025d5c                time
 .text          0x02025d8c      0x7a4 c:/nds/devkitpro/devkitarm/bin/../lib/gcc/arm-none-eabi/4.8.2/../../../../arm-none-eabi/lib/thumb\libg.a(lib_a-towlower.o)
                0x02025d8c                towlower
 .text          0x02026530      0x9ac c:/nds/devkitpro/devkitarm/bin/../lib/gcc/arm-none-eabi/4.8.2/../../../../arm-none-eabi/lib/thumb\libg.a(lib_a-towupper.o)
                0x02026530                towupper
 .text          0x02026edc        0x8 c:/nds/devkitpro/devkitarm/bin/../lib/gcc/arm-none-eabi/4.8.2/../../../../arm-none-eabi/lib/thumb\libg.a(lib_a-tzlock.o)
                0x02026edc                __tz_lock
                0x02026ee0                __tz_unlock
 .text          0x02026ee4        0x0 c:/nds/devkitpro/devkitarm/bin/../lib/gcc/arm-none-eabi/4.8.2/../../../../arm-none-eabi/lib/thumb\libg.a(lib_a-tzvars.o)
 .text          0x02026ee4      0x184 c:/nds/devkitpro/devkitarm/bin/../lib/gcc/arm-none-eabi/4.8.2/../../../../arm-none-eabi/lib/thumb\libg.a(lib_a-ungetc.o)
                0x02026ee4                __submore
                0x02026f6c                _ungetc_r
                0x0202704c                ungetc
 .text          0x02027068      0xe60 c:/nds/devkitpro/devkitarm/bin/../lib/gcc/arm-none-eabi/4.8.2/../../../../arm-none-eabi/lib/thumb\libg.a(lib_a-vfiprintf.o)
                0x020270e8                __sprint_r
                0x02027100                _vfiprintf_r
                0x02027e2c                vfiprintf
 .text          0x02027ec8       0xd8 c:/nds/devkitpro/devkitarm/bin/../lib/gcc/arm-none-eabi/4.8.2/../../../../arm-none-eabi/lib/thumb\libg.a(lib_a-wbuf.o)
                0x02027ec8                __swbuf_r
                0x02027f84                __swbuf
 .text          0x02027fa0       0xdc c:/nds/devkitpro/devkitarm/bin/../lib/gcc/arm-none-eabi/4.8.2/../../../../arm-none-eabi/lib/thumb\libg.a(lib_a-wcrtomb.o)
                0x02027fa0                _wcrtomb_r
                0x02028008                wcrtomb
 .text          0x0202807c       0x40 c:/nds/devkitpro/devkitarm/bin/../lib/gcc/arm-none-eabi/4.8.2/../../../../arm-none-eabi/lib/thumb\libg.a(lib_a-wcsrtombs.o)
                0x0202807c                _wcsrtombs_r
                0x02028094                wcsrtombs
 .text          0x020280bc       0x54 c:/nds/devkitpro/devkitarm/bin/../lib/gcc/arm-none-eabi/4.8.2/../../../../arm-none-eabi/lib/thumb\libg.a(lib_a-wctob.o)
                0x020280bc                wctob
 .text          0x02028110      0x28c c:/nds/devkitpro/devkitarm/bin/../lib/gcc/arm-none-eabi/4.8.2/../../../../arm-none-eabi/lib/thumb\libg.a(lib_a-wctomb_r.o)
                0x02028110                __utf8_wctomb
                0x020281d0                _wctomb_r
                0x02028208                __ascii_wctomb
                0x02028228                __sjis_wctomb
                0x0202829c                __eucjp_wctomb
                0x0202831c                __jis_wctomb
 .text          0x0202839c       0xd0 c:/nds/devkitpro/devkitarm/bin/../lib/gcc/arm-none-eabi/4.8.2/../../../../arm-none-eabi/lib/thumb\libg.a(lib_a-wsetup.o)
                0x0202839c                __swsetup_r
 .text          0x0202846c       0x40 c:/nds/devkitpro/devkitarm/bin/../lib/gcc/arm-none-eabi/4.8.2/../../../../arm-none-eabi/lib/thumb\libg.a(lib_a-div.o)
                0x0202846c                div
 *fill*         0x020284ac        0x4 ff
 .text          0x020284b0     0x1140 c:/nds/devkitpro/devkitarm/bin/../lib/gcc/arm-none-eabi/4.8.2/../../../../arm-none-eabi/lib/thumb\libg.a(lib_a-dtoa.o)
                0x02028604                _dtoa_r
 .text          0x020295f0       0xa4 c:/nds/devkitpro/devkitarm/bin/../lib/gcc/arm-none-eabi/4.8.2/../../../../arm-none-eabi/lib/thumb\libg.a(lib_a-flags.o)
                0x020295f0                __sflags
 .text          0x02029694      0x104 c:/nds/devkitpro/devkitarm/bin/../lib/gcc/arm-none-eabi/4.8.2/../../../../arm-none-eabi/lib/thumb\libg.a(lib_a-fputwc.o)
                0x02029694                _fputwc_r
                0x02029768                fputwc
 .text          0x02029798       0xa8 c:/nds/devkitpro/devkitarm/bin/../lib/gcc/arm-none-eabi/4.8.2/../../../../arm-none-eabi/lib/thumb\libg.a(lib_a-getenv_r.o)
                0x02029798                _findenv_r
                0x02029830                _getenv_r
 .text          0x02029840        0x8 c:/nds/devkitpro/devkitarm/bin/../lib/gcc/arm-none-eabi/4.8.2/../../../../arm-none-eabi/lib/thumb\libg.a(lib_a-gettzinfo.o)
                0x02029840                __gettzinfo
 .text          0x02029848       0x78 c:/nds/devkitpro/devkitarm/bin/../lib/gcc/arm-none-eabi/4.8.2/../../../../arm-none-eabi/lib/thumb\libg.a(lib_a-iswspace.o)
                0x02029848                iswspace
 .text          0x020298c0      0x1e8 c:/nds/devkitpro/devkitarm/bin/../lib/gcc/arm-none-eabi/4.8.2/../../../../arm-none-eabi/lib/thumb\libg.a(lib_a-jp2uc.o)
                0x02029a44                _jp2uc
 .text          0x02029aa8       0xf0 c:/nds/devkitpro/devkitarm/bin/../lib/gcc/arm-none-eabi/4.8.2/../../../../arm-none-eabi/lib/thumb\libg.a(lib_a-mbsnrtowcs.o)
                0x02029aa8                _mbsnrtowcs_r
                0x02029b6c                mbsnrtowcs
 .text          0x02029b98      0x968 c:/nds/devkitpro/devkitarm/bin/../lib/gcc/arm-none-eabi/4.8.2/../../../../arm-none-eabi/lib/thumb\libg.a(lib_a-mprec.o)
                0x02029b98                _Balloc
                0x02029bec                _Bfree
                0x02029c04                __multadd
                0x02029cb0                __s2b
                0x02029d4c                __hi0bits
                0x02029d8c                __lo0bits
                0x02029dec                __i2b
                0x02029e04                __multiply
                0x02029f4c                __pow5mult
                0x0202a008                __lshift
                0x0202a0cc                __mcmp
                0x0202a108                __mdiff
                0x0202a1f8                __ulp
                0x0202a240                __b2d
                0x0202a2f0                __d2b
                0x0202a3b0                __ratio
                0x0202a424                _mprec_log10
                0x0202a464                __copybits
                0x0202a4a8                __any_on
 .text          0x0202a500       0x7c c:/nds/devkitpro/devkitarm/bin/../lib/gcc/arm-none-eabi/4.8.2/../../../../arm-none-eabi/lib/thumb\libg.a(lib_a-sccl.o)
                0x0202a500                __sccl
 .text          0x0202a57c       0x5c c:/nds/devkitpro/devkitarm/bin/../lib/gcc/arm-none-eabi/4.8.2/../../../../arm-none-eabi/lib/thumb\libg.a(lib_a-s_fpclassify.o)
                0x0202a57c                __fpclassifyd
 .text          0x0202a5d8      0x228 c:/nds/devkitpro/devkitarm/bin/../lib/gcc/arm-none-eabi/4.8.2/../../../../arm-none-eabi/lib/thumb\libg.a(lib_a-strtoll_r.o)
                0x0202a5d8                _strtoll_r
 .text          0x0202a800      0x1fc c:/nds/devkitpro/devkitarm/bin/../lib/gcc/arm-none-eabi/4.8.2/../../../../arm-none-eabi/lib/thumb\libg.a(lib_a-strtoull_r.o)
                0x0202a800                _strtoull_r
 .text          0x0202a9fc      0x1ac c:/nds/devkitpro/devkitarm/bin/../lib/gcc/arm-none-eabi/4.8.2/../../../../arm-none-eabi/lib/thumb\libg.a(lib_a-strtoul.o)
                0x0202a9fc                _strtoul_r
                0x0202ab88                strtoul
 .text          0x0202aba8      0xd98 c:/nds/devkitpro/devkitarm/bin/../lib/gcc/arm-none-eabi/4.8.2/../../../../arm-none-eabi/lib/thumb\libg.a(lib_a-svfiprintf.o)
                0x0202aba8                __ssprint_r
                0x0202acd8                _svfiprintf_r
 .text          0x0202b940      0x13c c:/nds/devkitpro/devkitarm/bin/../lib/gcc/arm-none-eabi/4.8.2/../../../../arm-none-eabi/lib/thumb\libg.a(lib_a-wcsnrtombs.o)
                0x0202b940                _wcsnrtombs_r
                0x0202ba4c                wcsnrtombs
 .text          0x0202ba7c        0x0 c:/nds/devkitpro/devkitarm/bin/../lib/gcc/arm-none-eabi/4.8.2/../../../../arm-none-eabi/lib/thumb\libg.a(lib_a-environ.o)
 .text          0x0202ba7c        0x8 c:/nds/devkitpro/devkitarm/bin/../lib/gcc/arm-none-eabi/4.8.2/../../../../arm-none-eabi/lib/thumb\libg.a(lib_a-envlock.o)
                0x0202ba7c                __env_lock
                0x0202ba80                __env_unlock
 .text          0x0202ba84      0x144 c:/nds/devkitpro/devkitarm/bin/../lib/gcc/arm-none-eabi/4.8.2/../../../../arm-none-eabi/lib/thumb\libsysbase.a(iosupport.o)
                0x0202ba84                setDefaultDevice
                0x0202ba98                FindDevice
                0x0202bb08                RemoveDevice
                0x0202bb2c                AddDevice
                0x0202bba8                GetDeviceOpTab
 .text          0x0202bbc8       0x50 c:/nds/devkitpro/devkitarm/bin/../lib/gcc/arm-none-eabi/4.8.2/../../../../arm-none-eabi/lib/thumb\libsysbase.a(close.o)
                0x0202bbc8                _close_r
 .text          0x0202bc18       0x50 c:/nds/devkitpro/devkitarm/bin/../lib/gcc/arm-none-eabi/4.8.2/../../../../arm-none-eabi/lib/thumb\libsysbase.a(fstat.o)
                0x0202bc18                _fstat_r
 .text          0x0202bc68        0xc c:/nds/devkitpro/devkitarm/bin/../lib/gcc/arm-none-eabi/4.8.2/../../../../arm-none-eabi/lib/thumb\libsysbase.a(getpid.o)
                0x0202bc68                _getpid_r
 .text          0x0202bc74        0x4 c:/nds/devkitpro/devkitarm/bin/../lib/gcc/arm-none-eabi/4.8.2/../../../../arm-none-eabi/lib/thumb\libsysbase.a(isatty.o)
                0x0202bc74                _isatty_r
 .text          0x0202bc78        0xc c:/nds/devkitpro/devkitarm/bin/../lib/gcc/arm-none-eabi/4.8.2/../../../../arm-none-eabi/lib/thumb\libsysbase.a(kill.o)
                0x0202bc78                _kill_r
 .text          0x0202bc84       0x50 c:/nds/devkitpro/devkitarm/bin/../lib/gcc/arm-none-eabi/4.8.2/../../../../arm-none-eabi/lib/thumb\libsysbase.a(lseek.o)
                0x0202bc84                _lseek_r
 .text          0x0202bcd4       0xa0 c:/nds/devkitpro/devkitarm/bin/../lib/gcc/arm-none-eabi/4.8.2/../../../../arm-none-eabi/lib/thumb\libsysbase.a(open.o)
                0x0202bcd4                _open_r
 .text          0x0202bd74       0x50 c:/nds/devkitpro/devkitarm/bin/../lib/gcc/arm-none-eabi/4.8.2/../../../../arm-none-eabi/lib/thumb\libsysbase.a(read.o)
                0x0202bd74                _read_r
 .text          0x0202bdc4       0x54 c:/nds/devkitpro/devkitarm/bin/../lib/gcc/arm-none-eabi/4.8.2/../../../../arm-none-eabi/lib/thumb\libsysbase.a(sbrk.o)
                0x0202bdc4                _sbrk_r
 .text          0x0202be18       0x44 c:/nds/devkitpro/devkitarm/bin/../lib/gcc/arm-none-eabi/4.8.2/../../../../arm-none-eabi/lib/thumb\libsysbase.a(times.o)
                0x0202be18                _times
                0x0202be2c                _times_r
                0x0202be34                _gettimeofday_r
 .text          0x0202be5c       0x58 c:/nds/devkitpro/devkitarm/bin/../lib/gcc/arm-none-eabi/4.8.2/../../../../arm-none-eabi/lib/thumb\libsysbase.a(write.o)
                0x0202be5c                _write_r
 .text          0x0202beb4       0x18 c:/nds/devkitpro/devkitarm/bin/../lib/gcc/arm-none-eabi/4.8.2/../../../../arm-none-eabi/lib/thumb\libsysbase.a(_exit.o)
                0x0202beb4                _exit
 .text          0x0202becc        0x0 c:/nds/devkitpro/devkitarm/bin/../lib/gcc/arm-none-eabi/4.8.2/../../../../arm-none-eabi/lib/thumb\libsysbase.a(malloc_vars.o)
 .text          0x0202becc      0x25c c:/nds/devkitpro/devkitarm/bin/../lib/gcc/arm-none-eabi/4.8.2/../../../../arm-none-eabi/lib/thumb\libsysbase.a(chdir.o)
                0x0202becc                _concatenate_path
                0x0202bffc                chdir
                0x0202c0dc                getcwd
 .text          0x0202c128       0x50 c:/nds/devkitpro/devkitarm/bin/../lib/gcc/arm-none-eabi/4.8.2/../../../../arm-none-eabi/lib/thumb\libsysbase.a(build_argv.o)
                0x0202c128                build_argv
 .text          0x0202c178        0x0 c:/nds/devkitpro/devkitarm/bin/../lib/gcc/arm-none-eabi/4.8.2/../../../../arm-none-eabi/lib/thumb\libsysbase.a(syscall_support.o)
 .text          0x0202c178       0x88 c:/nds/devkitpro/devkitarm/bin/../lib/gcc/arm-none-eabi/4.8.2/../../../../arm-none-eabi/lib/thumb\libsysbase.a(handle_manager.o)
                0x0202c178                __release_handle
                0x0202c1a4                __alloc_handle
                0x0202c1e0                __get_handle
 .text          0x0202c200      0x41c c:/nds/devkitpro/devkitarm/bin/../lib/gcc/arm-none-eabi/4.8.2/thumb\libgcc.a(_arm_addsubdf3.o)
                0x0202c200                __aeabi_drsub
                0x0202c208                __aeabi_dsub
                0x0202c208                __subdf3
                0x0202c20c                __aeabi_dadd
                0x0202c20c                __adddf3
                0x0202c51c                __floatunsidf
                0x0202c51c                __aeabi_ui2d
                0x0202c540                __floatsidf
                0x0202c540                __aeabi_i2d
                0x0202c568                __aeabi_f2d
                0x0202c568                __extendsfdf2
                0x0202c5a8                __floatundidf
                0x0202c5a8                __aeabi_ul2d
                0x0202c5bc                __floatdidf
                0x0202c5bc                __aeabi_l2d
 .text          0x0202c61c      0x49c c:/nds/devkitpro/devkitarm/bin/../lib/gcc/arm-none-eabi/4.8.2/thumb\libgcc.a(_arm_muldivdf3.o)
                0x0202c61c                __aeabi_dmul
                0x0202c61c                __muldf3
                0x0202c8ac                __divdf3
                0x0202c8ac                __aeabi_ddiv
 .text          0x0202cab8      0x144 c:/nds/devkitpro/devkitarm/bin/../lib/gcc/arm-none-eabi/4.8.2/thumb\libgcc.a(_arm_cmpdf2.o)
                0x0202cab8                __gtdf2
                0x0202cab8                __gedf2
                0x0202cac0                __ltdf2
                0x0202cac0                __ledf2
                0x0202cac8                __nedf2
                0x0202cac8                __eqdf2
                0x0202cac8                __cmpdf2
                0x0202cb50                __aeabi_cdrcmple
                0x0202cb6c                __aeabi_cdcmpeq
                0x0202cb6c                __aeabi_cdcmple
                0x0202cb84                __aeabi_dcmpeq
                0x0202cb9c                __aeabi_dcmplt
                0x0202cbb4                __aeabi_dcmple
                0x0202cbcc                __aeabi_dcmpge
                0x0202cbe4                __aeabi_dcmpgt
 .text          0x0202cbfc       0x5c c:/nds/devkitpro/devkitarm/bin/../lib/gcc/arm-none-eabi/4.8.2/thumb\libgcc.a(_arm_fixdfsi.o)
                0x0202cbfc                __aeabi_d2iz
                0x0202cbfc                __fixdfsi
 .text          0x0202cc58       0x3c c:/nds/devkitpro/devkitarm/bin/../lib/gcc/arm-none-eabi/4.8.2/thumb\libgcc.a(_aeabi_uldivmod.o)
                0x0202cc58                __aeabi_uldivmod
 .text          0x0202cc94       0x74 c:/nds/devkitpro/devkitarm/bin/../lib/gcc/arm-none-eabi/4.8.2/thumb\libgcc.a(bpabi.o)
                0x0202cc94                __gnu_ldivmod_helper
                0x0202ccd0                __gnu_uldivmod_helper
 .text          0x0202cd08      0x3cc c:/nds/devkitpro/devkitarm/bin/../lib/gcc/arm-none-eabi/4.8.2/thumb\libgcc.a(_divdi3.o)
                0x0202cd08                __divdi3
 .text          0x0202d0d4      0x378 c:/nds/devkitpro/devkitarm/bin/../lib/gcc/arm-none-eabi/4.8.2/thumb\libgcc.a(_udivdi3.o)
                0x0202d0d4                __udivdi3
 .text          0x0202d44c       0x48 c:/nds/devkitpro/devkitarm/bin/../lib/gcc/arm-none-eabi/4.8.2/thumb\libgcc.a(_clzsi2.o)
                0x0202d44c                __clzsi2
 .text          0x0202d494        0xc c:/nds/devkitpro/devkitarm/bin/../lib/gcc/arm-none-eabi/4.8.2/../../../../arm-none-eabi/lib/thumb\libg.a(lib_a-errno.o)
                0x0202d494                __errno
 .text          0x0202d4a0        0x0 c:/nds/devkitpro/devkitarm/bin/../lib/gcc/arm-none-eabi/4.8.2/thumb/crtend.o
 .text          0x0202d4a0        0x0 c:/nds/devkitpro/devkitarm/bin/../lib/gcc/arm-none-eabi/4.8.2/thumb/crtn.o
 *(.text.*)
 .text.startup  0x0202d4a0       0x30 main.o
                0x0202d4a0                main
 .text._Znwj    0x0202d4d0       0x60 c:/nds/devkitpro/devkitarm/bin/../lib/gcc/arm-none-eabi/4.8.2/../../../../arm-none-eabi/lib/thumb\libstdc++.a(new_op.o)
                0x0202d4d0                operator new(unsigned int)
 .text._ZN10__cxxabiv1L24__is_gxx_exception_classEPc
                0x0202d530       0x40 c:/nds/devkitpro/devkitarm/bin/../lib/gcc/arm-none-eabi/4.8.2/../../../../arm-none-eabi/lib/thumb\libstdc++.a(eh_call.o)
 .text.__cxa_call_terminate
                0x0202d570       0x20 c:/nds/devkitpro/devkitarm/bin/../lib/gcc/arm-none-eabi/4.8.2/../../../../arm-none-eabi/lib/thumb\libstdc++.a(eh_call.o)
                0x0202d570                __cxa_call_terminate
 .text.__cxa_call_unexpected
                0x0202d590       0xfc c:/nds/devkitpro/devkitarm/bin/../lib/gcc/arm-none-eabi/4.8.2/../../../../arm-none-eabi/lib/thumb\libstdc++.a(eh_call.o)
                0x0202d590                __cxa_call_unexpected
 .text._ZL12read_sleb128PKhPl
                0x0202d68c       0x34 c:/nds/devkitpro/devkitarm/bin/../lib/gcc/arm-none-eabi/4.8.2/../../../../arm-none-eabi/lib/thumb\libstdc++.a(eh_personality.o)
 .text._ZL28read_encoded_value_with_basehjPKhPj
                0x0202d6c0       0xe0 c:/nds/devkitpro/devkitarm/bin/../lib/gcc/arm-none-eabi/4.8.2/../../../../arm-none-eabi/lib/thumb\libstdc++.a(eh_personality.o)
 .text._ZL21base_of_encoded_valuehP15_Unwind_Context
                0x0202d7a0       0x48 c:/nds/devkitpro/devkitarm/bin/../lib/gcc/arm-none-eabi/4.8.2/../../../../arm-none-eabi/lib/thumb\libstdc++.a(eh_personality.o)
 .text._ZL17parse_lsda_headerP15_Unwind_ContextPKhP16lsda_header_info
                0x0202d7e8       0x9c c:/nds/devkitpro/devkitarm/bin/../lib/gcc/arm-none-eabi/4.8.2/../../../../arm-none-eabi/lib/thumb\libstdc++.a(eh_personality.o)
 .text.__gxx_personality_v0
                0x0202d884      0x3f8 c:/nds/devkitpro/devkitarm/bin/../lib/gcc/arm-none-eabi/4.8.2/../../../../arm-none-eabi/lib/thumb\libstdc++.a(eh_personality.o)
                0x0202d884                __gxx_personality_v0
 .text._ZN10__cxxabiv111__terminateEPFvvE
                0x0202dc7c       0x2c c:/nds/devkitpro/devkitarm/bin/../lib/gcc/arm-none-eabi/4.8.2/../../../../arm-none-eabi/lib/thumb\libstdc++.a(eh_terminate.o)
                0x0202dc7c                __cxxabiv1::__terminate(void (*)())
 .text._ZSt9terminatev
                0x0202dca8       0x10 c:/nds/devkitpro/devkitarm/bin/../lib/gcc/arm-none-eabi/4.8.2/../../../../arm-none-eabi/lib/thumb\libstdc++.a(eh_terminate.o)
                0x0202dca8                std::terminate()
 .text._ZN10__cxxabiv112__unexpectedEPFvvE
                0x0202dcb8        0xc c:/nds/devkitpro/devkitarm/bin/../lib/gcc/arm-none-eabi/4.8.2/../../../../arm-none-eabi/lib/thumb\libstdc++.a(eh_terminate.o)
                0x0202dcb8                __cxxabiv1::__unexpected(void (*)())
 .text._ZSt10unexpectedv
                0x0202dcc4       0x10 c:/nds/devkitpro/devkitarm/bin/../lib/gcc/arm-none-eabi/4.8.2/../../../../arm-none-eabi/lib/thumb\libstdc++.a(eh_terminate.o)
                0x0202dcc4                std::unexpected()
 .text._ZSt13set_terminatePFvvE
                0x0202dcd4       0x10 c:/nds/devkitpro/devkitarm/bin/../lib/gcc/arm-none-eabi/4.8.2/../../../../arm-none-eabi/lib/thumb\libstdc++.a(eh_terminate.o)
                0x0202dcd4                std::set_terminate(void (*)())
 .text._ZSt14set_unexpectedPFvvE
                0x0202dce4       0x10 c:/nds/devkitpro/devkitarm/bin/../lib/gcc/arm-none-eabi/4.8.2/../../../../arm-none-eabi/lib/thumb\libstdc++.a(eh_terminate.o)
                0x0202dce4                std::set_unexpected(void (*)())
 .text._ZNSt9exceptionD2Ev
                0x0202dcf4        0xc c:/nds/devkitpro/devkitarm/bin/../lib/gcc/arm-none-eabi/4.8.2/../../../../arm-none-eabi/lib/thumb\libstdc++.a(eh_exception.o)
                0x0202dcf4                std::exception::~exception()
                0x0202dcf4                std::exception::~exception()
 .text._ZNSt13bad_exceptionD2Ev
                0x0202dd00        0xc c:/nds/devkitpro/devkitarm/bin/../lib/gcc/arm-none-eabi/4.8.2/../../../../arm-none-eabi/lib/thumb\libstdc++.a(eh_exception.o)
                0x0202dd00                std::bad_exception::~bad_exception()
                0x0202dd00                std::bad_exception::~bad_exception()
 .text._ZN10__cxxabiv115__forced_unwindD2Ev
                0x0202dd0c        0xc c:/nds/devkitpro/devkitarm/bin/../lib/gcc/arm-none-eabi/4.8.2/../../../../arm-none-eabi/lib/thumb\libstdc++.a(eh_exception.o)
                0x0202dd0c                __cxxabiv1::__forced_unwind::~__forced_unwind()
                0x0202dd0c                __cxxabiv1::__forced_unwind::~__forced_unwind()
 .text._ZN10__cxxabiv119__foreign_exceptionD2Ev
                0x0202dd18        0xc c:/nds/devkitpro/devkitarm/bin/../lib/gcc/arm-none-eabi/4.8.2/../../../../arm-none-eabi/lib/thumb\libstdc++.a(eh_exception.o)
                0x0202dd18                __cxxabiv1::__foreign_exception::~__foreign_exception()
                0x0202dd18                __cxxabiv1::__foreign_exception::~__foreign_exception()
 .text._ZNKSt9exception4whatEv
                0x0202dd24        0x8 c:/nds/devkitpro/devkitarm/bin/../lib/gcc/arm-none-eabi/4.8.2/../../../../arm-none-eabi/lib/thumb\libstdc++.a(eh_exception.o)
                0x0202dd24                std::exception::what() const
 .text._ZNKSt13bad_exception4whatEv
                0x0202dd2c        0x8 c:/nds/devkitpro/devkitarm/bin/../lib/gcc/arm-none-eabi/4.8.2/../../../../arm-none-eabi/lib/thumb\libstdc++.a(eh_exception.o)
                0x0202dd2c                std::bad_exception::what() const
 .text._ZNSt9exceptionD0Ev
                0x0202dd34       0x1c c:/nds/devkitpro/devkitarm/bin/../lib/gcc/arm-none-eabi/4.8.2/../../../../arm-none-eabi/lib/thumb\libstdc++.a(eh_exception.o)
                0x0202dd34                std::exception::~exception()
 .text._ZNSt13bad_exceptionD0Ev
                0x0202dd50       0x1c c:/nds/devkitpro/devkitarm/bin/../lib/gcc/arm-none-eabi/4.8.2/../../../../arm-none-eabi/lib/thumb\libstdc++.a(eh_exception.o)
                0x0202dd50                std::bad_exception::~bad_exception()
 .text._ZN10__cxxabiv115__forced_unwindD0Ev
                0x0202dd6c       0x1c c:/nds/devkitpro/devkitarm/bin/../lib/gcc/arm-none-eabi/4.8.2/../../../../arm-none-eabi/lib/thumb\libstdc++.a(eh_exception.o)
                0x0202dd6c                __cxxabiv1::__forced_unwind::~__forced_unwind()
 .text._ZN10__cxxabiv119__foreign_exceptionD0Ev
                0x0202dd88       0x1c c:/nds/devkitpro/devkitarm/bin/../lib/gcc/arm-none-eabi/4.8.2/../../../../arm-none-eabi/lib/thumb\libstdc++.a(eh_exception.o)
                0x0202dd88                __cxxabiv1::__foreign_exception::~__foreign_exception()
 .text.__cxa_allocate_exception
                0x0202dda4       0x68 c:/nds/devkitpro/devkitarm/bin/../lib/gcc/arm-none-eabi/4.8.2/../../../../arm-none-eabi/lib/thumb\libstdc++.a(eh_alloc.o)
                0x0202dda4                __cxa_allocate_exception
 .text.__cxa_free_exception
                0x0202de0c       0x38 c:/nds/devkitpro/devkitarm/bin/../lib/gcc/arm-none-eabi/4.8.2/../../../../arm-none-eabi/lib/thumb\libstdc++.a(eh_alloc.o)
                0x0202de0c                __cxa_free_exception
 .text.__cxa_allocate_dependent_exception
                0x0202de44       0x60 c:/nds/devkitpro/devkitarm/bin/../lib/gcc/arm-none-eabi/4.8.2/../../../../arm-none-eabi/lib/thumb\libstdc++.a(eh_alloc.o)
                0x0202de44                __cxa_allocate_dependent_exception
 .text.__cxa_free_dependent_exception
                0x0202dea4       0x3c c:/nds/devkitpro/devkitarm/bin/../lib/gcc/arm-none-eabi/4.8.2/../../../../arm-none-eabi/lib/thumb\libstdc++.a(eh_alloc.o)
                0x0202dea4                __cxa_free_dependent_exception
 .text._ZNKSt9bad_alloc4whatEv
                0x0202dee0        0x8 c:/nds/devkitpro/devkitarm/bin/../lib/gcc/arm-none-eabi/4.8.2/../../../../arm-none-eabi/lib/thumb\libstdc++.a(bad_alloc.o)
                0x0202dee0                std::bad_alloc::what() const
 .text._ZNSt9bad_allocD2Ev
                0x0202dee8       0x1c c:/nds/devkitpro/devkitarm/bin/../lib/gcc/arm-none-eabi/4.8.2/../../../../arm-none-eabi/lib/thumb\libstdc++.a(bad_alloc.o)
                0x0202dee8                std::bad_alloc::~bad_alloc()
                0x0202dee8                std::bad_alloc::~bad_alloc()
 .text._ZNSt9bad_allocD0Ev
                0x0202df04       0x20 c:/nds/devkitpro/devkitarm/bin/../lib/gcc/arm-none-eabi/4.8.2/../../../../arm-none-eabi/lib/thumb\libstdc++.a(bad_alloc.o)
                0x0202df04                std::bad_alloc::~bad_alloc()
 .text._ZNK10__cxxabiv117__class_type_info11__do_upcastEPKS0_PPv
                0x0202df24       0x40 c:/nds/devkitpro/devkitarm/bin/../lib/gcc/arm-none-eabi/4.8.2/../../../../arm-none-eabi/lib/thumb\libstdc++.a(class_type_info.o)
                0x0202df24                __cxxabiv1::__class_type_info::__do_upcast(__cxxabiv1::__class_type_info const*, void**) const
 .text._ZNK10__cxxabiv117__class_type_info20__do_find_public_srcEiPKvPKS0_S2_
                0x0202df64       0x14 c:/nds/devkitpro/devkitarm/bin/../lib/gcc/arm-none-eabi/4.8.2/../../../../arm-none-eabi/lib/thumb\libstdc++.a(class_type_info.o)
                0x0202df64                __cxxabiv1::__class_type_info::__do_find_public_src(int, void const*, __cxxabiv1::__class_type_info const*, void const*) const
 .text._ZN10__cxxabiv117__class_type_infoD2Ev
                0x0202df78       0x1c c:/nds/devkitpro/devkitarm/bin/../lib/gcc/arm-none-eabi/4.8.2/../../../../arm-none-eabi/lib/thumb\libstdc++.a(class_type_info.o)
                0x0202df78                __cxxabiv1::__class_type_info::~__class_type_info()
                0x0202df78                __cxxabiv1::__class_type_info::~__class_type_info()
 .text._ZN10__cxxabiv117__class_type_infoD0Ev
                0x0202df94       0x20 c:/nds/devkitpro/devkitarm/bin/../lib/gcc/arm-none-eabi/4.8.2/../../../../arm-none-eabi/lib/thumb\libstdc++.a(class_type_info.o)
                0x0202df94                __cxxabiv1::__class_type_info::~__class_type_info()
 .text._ZNK10__cxxabiv117__class_type_info11__do_upcastEPKS0_PKvRNS0_15__upcast_resultE
                0x0202dfb4       0x20 c:/nds/devkitpro/devkitarm/bin/../lib/gcc/arm-none-eabi/4.8.2/../../../../arm-none-eabi/lib/thumb\libstdc++.a(class_type_info.o)
                0x0202dfb4                __cxxabiv1::__class_type_info::__do_upcast(__cxxabiv1::__class_type_info const*, void const*, __cxxabiv1::__class_type_info::__upcast_result&) const
 .text._ZNK10__cxxabiv117__class_type_info10__do_catchEPKSt9type_infoPPvj
                0x0202dfd4       0x30 c:/nds/devkitpro/devkitarm/bin/../lib/gcc/arm-none-eabi/4.8.2/../../../../arm-none-eabi/lib/thumb\libstdc++.a(class_type_info.o)
                0x0202dfd4                __cxxabiv1::__class_type_info::__do_catch(std::type_info const*, void**, unsigned int) const
 .text._ZNK10__cxxabiv117__class_type_info12__do_dyncastEiNS0_10__sub_kindEPKS0_PKvS3_S5_RNS0_16__dyncast_resultE
                0x0202e004       0x44 c:/nds/devkitpro/devkitarm/bin/../lib/gcc/arm-none-eabi/4.8.2/../../../../arm-none-eabi/lib/thumb\libstdc++.a(class_type_info.o)
                0x0202e004                __cxxabiv1::__class_type_info::__do_dyncast(int, __cxxabiv1::__class_type_info::__sub_kind, __cxxabiv1::__class_type_info const*, void const*, __cxxabiv1::__class_type_info const*, void const*, __cxxabiv1::__class_type_info::__dyncast_result&) const
 .text._ZSt15set_new_handlerPFvvE
                0x0202e048       0x10 c:/nds/devkitpro/devkitarm/bin/../lib/gcc/arm-none-eabi/4.8.2/../../../../arm-none-eabi/lib/thumb\libstdc++.a(new_handler.o)
                0x0202e048                std::set_new_handler(void (*)())
 .text.__cxa_end_cleanup
                0x0202e058        0xc c:/nds/devkitpro/devkitarm/bin/../lib/gcc/arm-none-eabi/4.8.2/../../../../arm-none-eabi/lib/thumb\libstdc++.a(eh_arm.o)
                0x0202e058                __cxa_end_cleanup
 .text.__cxa_type_match
                0x0202e064       0xc4 c:/nds/devkitpro/devkitarm/bin/../lib/gcc/arm-none-eabi/4.8.2/../../../../arm-none-eabi/lib/thumb\libstdc++.a(eh_arm.o)
                0x0202e064                __cxa_type_match
 .text.__cxa_begin_cleanup
                0x0202e128       0x64 c:/nds/devkitpro/devkitarm/bin/../lib/gcc/arm-none-eabi/4.8.2/../../../../arm-none-eabi/lib/thumb\libstdc++.a(eh_arm.o)
                0x0202e128                __cxa_begin_cleanup
 .text.__gnu_end_cleanup
                0x0202e18c       0x74 c:/nds/devkitpro/devkitarm/bin/../lib/gcc/arm-none-eabi/4.8.2/../../../../arm-none-eabi/lib/thumb\libstdc++.a(eh_arm.o)
                0x0202e18c                __gnu_end_cleanup
 .text._ZL23__gxx_exception_cleanup19_Unwind_Reason_CodeP21_Unwind_Control_Block
                0x0202e200       0x30 c:/nds/devkitpro/devkitarm/bin/../lib/gcc/arm-none-eabi/4.8.2/../../../../arm-none-eabi/lib/thumb\libstdc++.a(eh_throw.o)
 .text.__cxa_throw
                0x0202e230       0x68 c:/nds/devkitpro/devkitarm/bin/../lib/gcc/arm-none-eabi/4.8.2/../../../../arm-none-eabi/lib/thumb\libstdc++.a(eh_throw.o)
                0x0202e230                __cxa_throw
 .text.__cxa_rethrow
                0x0202e298       0x74 c:/nds/devkitpro/devkitarm/bin/../lib/gcc/arm-none-eabi/4.8.2/../../../../arm-none-eabi/lib/thumb\libstdc++.a(eh_throw.o)
                0x0202e298                __cxa_rethrow
 .text.__cxa_pure_virtual
                0x0202e30c       0x14 c:/nds/devkitpro/devkitarm/bin/../lib/gcc/arm-none-eabi/4.8.2/../../../../arm-none-eabi/lib/thumb\libstdc++.a(pure.o)
                0x0202e30c                __cxa_pure_virtual
 .text.__cxa_deleted_virtual
                0x0202e320       0x14 c:/nds/devkitpro/devkitarm/bin/../lib/gcc/arm-none-eabi/4.8.2/../../../../arm-none-eabi/lib/thumb\libstdc++.a(pure.o)
                0x0202e320                __cxa_deleted_virtual
 .text.__cxa_get_globals_fast
                0x0202e334        0x8 c:/nds/devkitpro/devkitarm/bin/../lib/gcc/arm-none-eabi/4.8.2/../../../../arm-none-eabi/lib/thumb\libstdc++.a(eh_globals.o)
                0x0202e334                __cxa_get_globals_fast
 .text.__cxa_get_globals
                0x0202e33c        0x8 c:/nds/devkitpro/devkitarm/bin/../lib/gcc/arm-none-eabi/4.8.2/../../../../arm-none-eabi/lib/thumb\libstdc++.a(eh_globals.o)
                0x0202e33c                __cxa_get_globals
 .text.__cxa_get_exception_ptr
                0x0202e344        0x4 c:/nds/devkitpro/devkitarm/bin/../lib/gcc/arm-none-eabi/4.8.2/../../../../arm-none-eabi/lib/thumb\libstdc++.a(eh_catch.o)
                0x0202e344                __cxa_get_exception_ptr
 .text.__cxa_begin_catch
                0x0202e348       0x88 c:/nds/devkitpro/devkitarm/bin/../lib/gcc/arm-none-eabi/4.8.2/../../../../arm-none-eabi/lib/thumb\libstdc++.a(eh_catch.o)
                0x0202e348                __cxa_begin_catch
 .text.__cxa_end_catch
                0x0202e3d0       0x90 c:/nds/devkitpro/devkitarm/bin/../lib/gcc/arm-none-eabi/4.8.2/../../../../arm-none-eabi/lib/thumb\libstdc++.a(eh_catch.o)
                0x0202e3d0                __cxa_end_catch
 .text._ZSt18uncaught_exceptionv
                0x0202e460       0x14 c:/nds/devkitpro/devkitarm/bin/../lib/gcc/arm-none-eabi/4.8.2/../../../../arm-none-eabi/lib/thumb\libstdc++.a(eh_catch.o)
                0x0202e460                std::uncaught_exception()
 .text._ZN10__cxxabiv120__si_class_type_infoD2Ev
                0x0202e474       0x1c c:/nds/devkitpro/devkitarm/bin/../lib/gcc/arm-none-eabi/4.8.2/../../../../arm-none-eabi/lib/thumb\libstdc++.a(si_class_type_info.o)
                0x0202e474                __cxxabiv1::__si_class_type_info::~__si_class_type_info()
                0x0202e474                __cxxabiv1::__si_class_type_info::~__si_class_type_info()
 .text._ZN10__cxxabiv120__si_class_type_infoD0Ev
                0x0202e490       0x20 c:/nds/devkitpro/devkitarm/bin/../lib/gcc/arm-none-eabi/4.8.2/../../../../arm-none-eabi/lib/thumb\libstdc++.a(si_class_type_info.o)
                0x0202e490                __cxxabiv1::__si_class_type_info::~__si_class_type_info()
 .text._ZNK10__cxxabiv120__si_class_type_info20__do_find_public_srcEiPKvPKNS_17__class_type_infoES2_
                0x0202e4b0       0x40 c:/nds/devkitpro/devkitarm/bin/../lib/gcc/arm-none-eabi/4.8.2/../../../../arm-none-eabi/lib/thumb\libstdc++.a(si_class_type_info.o)
                0x0202e4b0                __cxxabiv1::__si_class_type_info::__do_find_public_src(int, void const*, __cxxabiv1::__class_type_info const*, void const*) const
 .text._ZNK10__cxxabiv120__si_class_type_info12__do_dyncastEiNS_17__class_type_info10__sub_kindEPKS1_PKvS4_S6_RNS1_16__dyncast_resultE
                0x0202e4f0       0x9c c:/nds/devkitpro/devkitarm/bin/../lib/gcc/arm-none-eabi/4.8.2/../../../../arm-none-eabi/lib/thumb\libstdc++.a(si_class_type_info.o)
                0x0202e4f0                __cxxabiv1::__si_class_type_info::__do_dyncast(int, __cxxabiv1::__class_type_info::__sub_kind, __cxxabiv1::__class_type_info const*, void const*, __cxxabiv1::__class_type_info const*, void const*, __cxxabiv1::__class_type_info::__dyncast_result&) const
 .text._ZNK10__cxxabiv120__si_class_type_info11__do_upcastEPKNS_17__class_type_infoEPKvRNS1_15__upcast_resultE
                0x0202e58c       0x2c c:/nds/devkitpro/devkitarm/bin/../lib/gcc/arm-none-eabi/4.8.2/../../../../arm-none-eabi/lib/thumb\libstdc++.a(si_class_type_info.o)
                0x0202e58c                __cxxabiv1::__si_class_type_info::__do_upcast(__cxxabiv1::__class_type_info const*, void const*, __cxxabiv1::__class_type_info::__upcast_result&) const
 .text._ZNSt9type_infoD2Ev
                0x0202e5b8        0xc c:/nds/devkitpro/devkitarm/bin/../lib/gcc/arm-none-eabi/4.8.2/../../../../arm-none-eabi/lib/thumb\libstdc++.a(tinfo.o)
                0x0202e5b8                std::type_info::~type_info()
                0x0202e5b8                std::type_info::~type_info()
 .text._ZNKSt9type_info14__is_pointer_pEv
                0x0202e5c4        0x4 c:/nds/devkitpro/devkitarm/bin/../lib/gcc/arm-none-eabi/4.8.2/../../../../arm-none-eabi/lib/thumb\libstdc++.a(tinfo.o)
                0x0202e5c4                std::type_info::__is_pointer_p() const
 .text._ZNKSt9type_info15__is_function_pEv
                0x0202e5c8        0x4 c:/nds/devkitpro/devkitarm/bin/../lib/gcc/arm-none-eabi/4.8.2/../../../../arm-none-eabi/lib/thumb\libstdc++.a(tinfo.o)
                0x0202e5c8                std::type_info::__is_function_p() const
 .text._ZNKSt9type_info11__do_upcastEPKN10__cxxabiv117__class_type_infoEPPv
                0x0202e5cc        0x4 c:/nds/devkitpro/devkitarm/bin/../lib/gcc/arm-none-eabi/4.8.2/../../../../arm-none-eabi/lib/thumb\libstdc++.a(tinfo.o)
                0x0202e5cc                std::type_info::__do_upcast(__cxxabiv1::__class_type_info const*, void**) const
 .text._ZNSt9type_infoD0Ev
                0x0202e5d0       0x1c c:/nds/devkitpro/devkitarm/bin/../lib/gcc/arm-none-eabi/4.8.2/../../../../arm-none-eabi/lib/thumb\libstdc++.a(tinfo.o)
                0x0202e5d0                std::type_info::~type_info()
 .text._ZNKSt9type_infoeqERKS_
                0x0202e5ec       0x30 c:/nds/devkitpro/devkitarm/bin/../lib/gcc/arm-none-eabi/4.8.2/../../../../arm-none-eabi/lib/thumb\libstdc++.a(tinfo.o)
                0x0202e5ec                std::type_info::operator==(std::type_info const&) const
 .text._ZNKSt9type_info10__do_catchEPKS_PPvj
                0x0202e61c        0xc c:/nds/devkitpro/devkitarm/bin/../lib/gcc/arm-none-eabi/4.8.2/../../../../arm-none-eabi/lib/thumb\libstdc++.a(tinfo.o)
                0x0202e61c                std::type_info::__do_catch(std::type_info const*, void**, unsigned int) const
 .text._ZdlPv   0x0202e628       0x10 c:/nds/devkitpro/devkitarm/bin/../lib/gcc/arm-none-eabi/4.8.2/../../../../arm-none-eabi/lib/thumb\libstdc++.a(del_op.o)
                0x0202e628                operator delete(void*)
 .text._ZN9__gnu_cxx27__verbose_terminate_handlerEv
                0x0202e638      0x11c c:/nds/devkitpro/devkitarm/bin/../lib/gcc/arm-none-eabi/4.8.2/../../../../arm-none-eabi/lib/thumb\libstdc++.a(vterminate.o)
                0x0202e638                __gnu_cxx::__verbose_terminate_handler()